
 dscf (fedora) : TURBOMOLE rev. V7.5.1 compiled 23 Dec 2020 at 11:32:14
 Copyright (C) 2020 TURBOMOLE GmbH, Karlsruhe


    2021-12-20 15:19:57.662 



                             d s c f - program

                   idea & directorship : reinhart ahlrichs
                   program development : marco haeser
                                         michael baer
                           dft version : oliver treutler


                          quantum chemistry group
                          universitaet  karlsruhe
                                  germany



   *-----------------------------------------------------------------------*
   |                     program will use  1 thread(s)                     |
   *-----------------------------------------------------------------------*


              +--------------------------------------------------+
              | Atomic coordinate, charge and isotop information |
              +--------------------------------------------------+

                    atomic coordinates            atom    charge  isotop
          0.00000000    0.00000000   -0.84092813    h      1.000     0
          0.00000000    0.00000000    0.84092813    h      1.000     0
 
       center of nuclear mass  :    0.00000000    0.00000000    0.00000000
       center of nuclear charge:    0.00000000    0.00000000    0.00000000

   *************************************************************************
   dscf                                                                     
   *************************************************************************



              +--------------------------------------------------+
              |               basis set information              |
              +--------------------------------------------------+

              we will work with the 1s 3p 5d 7f 9g ... basis set
              ...i.e. with spherical basis functions...

   type   atoms  prim   cont   basis
   ---------------------------------------------------------------------------
    h        2      4      2   def-SV(P)   [2s|4s]
   ---------------------------------------------------------------------------
   total:    2      8      4
   ---------------------------------------------------------------------------

   total number of primitive shells          :    4
   total number of contracted shells         :    4
   total number of cartesian basis functions :    4
   total number of SCF-basis functions       :    4


 integral neglect threshold       :  0.83E-09
 integral storage threshold THIZE :  0.10E-04
 integral storage threshold THIME :         5


 symmetry group of the molecule :   c1 

 the group has the following generators :
   c1(z)

    1 symmetry operations found

 there are 1 real representations :   a   

 maximum number of shells which are related by symmetry :  1

  
           ------------------
           density functional
           ------------------
 B-P86 functional
 exchange:    LDA + Becke (B88)
 correlation: LDA (VWN) + Perdew (P86)

 iterations will be done with small grid
  
 spherical integration : Lebedev's spherical grid
 spherical gridsize    :                     3
    i.e. gridpoints    :                   302
 value for diffuse not defined
 radial integration    : Chebyshev 2nd kind (scaling 3)
 radial gridsize       :                     3
 integration cells     :                     2
 partition function    : becke
 partition sharpness   :                     3
  

          ------------------------
          nuclear repulsion energy  :  0.594581135846    
          ------------------------


         -----------------
         -S,T+V- integrals
         -----------------

 1e-integrals will be neglected if expon. factor < 0.835490E-10
 
   Difference densities algorithm switched on.
   The maximal number of linear combinations of
   difference densities is                    20 .

 DIIS switched on: error vector is FDS-SDF
 Max. Iterations for DIIS is     :   4
 DIIS matrix (see manual) 
    Scaling factor of diagonals  :  1.200
    threshold for scaling factor :  0.000

 scf convergence criterion : increment of total energy < .1000000D-06
                  and increment of one-electron energy < .1000000D-03

 MOs are in ASCII format !


    mo occupation :
   irrep   mo's   occupied
    a        4        1
 
 number of basis functions   :     4
 number of occupied orbitals :     1
 

 reading orbital data $scfmo  from file mos
 orbital characterization : expanded
 virtual MOs provided and orthogonalized by Cholesky decomposition

 automatic virtual orbital shift switched on 
      shift if e(lumo)-e(homo) < 0.10000000    


 DSCF restart information will be dumped onto file mos

          Overall gridpoints after grid construction =          1700
 
                                              current damping :  0.300
 ITERATION  ENERGY          1e-ENERGY        2e-ENERGY     NORM[dD(SAO)]  TOL
   1  -1.1425411951141    -2.2397907021    0.50266837114    0.000D+00 0.833D-09
                            Exc =    -0.593779022422     N = 1.9999084249    
          max. resid. norm for Fia-block=  9.398D-02 for orbital      1a         
          max. resid. fock norm         =  1.574D-01 for orbital      2a         
          Delta Eig. =    42.2038620292 eV 
 
                                              current damping :  0.250
 ITERATION  ENERGY          1e-ENERGY        2e-ENERGY     NORM[dD(SAO)]  TOL
   2  -1.1593167100370    -2.2896043195    0.53570647357    0.141D+00 0.504D-09
                            Exc =    -0.631257242374     N = 1.9999063479    
          Norm of current diis error: 0.87102E-01
          max. resid. norm for Fia-block=  3.460D-02 for orbital      1a         
          max. resid. fock norm         =  3.460D-02 for orbital      1a         
          Delta Eig. =     9.5056428174 eV 
 
                                              current damping :  0.100
 ITERATION  ENERGY          1e-ENERGY        2e-ENERGY     NORM[dD(SAO)]  TOL
   3  -1.1627068308880    -2.3115051756    0.55421720889    0.119D-01 0.384D-09
                            Exc =    -0.652432567302     N = 1.9999077477    
          Norm of current diis error: 0.20544E-01
          max. resid. norm for Fia-block=  7.802D-03 for orbital      1a         
          max. resid. fock norm         =  7.802D-03 for orbital      1a         
          Delta Eig. =     2.0407781944 eV 
 
                                              current damping :  0.100
 ITERATION  ENERGY          1e-ENERGY        2e-ENERGY     NORM[dD(SAO)]  TOL
   4  -1.1629072333695    -2.3169856726    0.55949730343    0.345D-15 0.345D-09
                            Exc =    -0.658501322499     N = 1.9999084816    
          Norm of current diis error: 0.17184E-02
          max. resid. norm for Fia-block=  6.475D-04 for orbital      1a         
          max. resid. fock norm         =  6.475D-04 for orbital      1a         
          Delta Eig. =     0.1751286948 eV 
 
                                              current damping :  0.100
 ITERATION  ENERGY          1e-ENERGY        2e-ENERGY     NORM[dD(SAO)]  TOL
   5  -1.1629086404124    -2.3174294665    0.55993969022    0.947D-15 0.311D-09
                            Exc =    -0.659010419107     N = 1.9999085499    
          Norm of current diis error: 0.14416E-03
          max. resid. norm for Fia-block=  5.449D-05 for orbital      1a         
          max. resid. fock norm         =  5.449D-05 for orbital      1a         
 mo-orthogonalization: Cholesky decomposition
          Delta Eig. =     0.0154580093 eV 

 ENERGY CONVERGED !

 Evaluating v_xc on big grid 
          Overall gridpoints after grid construction =          7422
 
                                              current damping :  0.100
 ITERATION  ENERGY          1e-ENERGY        2e-ENERGY     NORM[dD(SAO)]  TOL
   6  -1.1629278912299    -2.3174667406    0.55995771356    0.229D-15 0.239D-09
                            Exc =    -0.659072548108     N = 2.0000006056    
          max. resid. norm for Fia-block=  5.222D-06 for orbital      1a         
          max. resid. fock norm         =  5.222D-06 for orbital      1a         

 convergence criteria satisfied after     6 iterations


   *************************************************************************
   dscf                                                                     
   *************************************************************************


                  ------------------------------------------ 
                 |  total energy      =     -1.16292789123  |
                  ------------------------------------------ 
                 :  kinetic energy    =      1.00089560639  :
                 :  potential energy  =     -2.16382349762  :
                 :  virial theorem    =      1.86066867425  :
                 :  wavefunction norm =      1.00000000000  :
                  .......................................... 


 <geterg> : there is no data group $energy 


 <skperg> : $end is missing 


 orbitals $scfmo  will be written to file mos

    irrep                  1a          2a          3a          4a   
 eigenvalues H         -0.36057     0.01765     0.34186     0.62376
            eV          -9.8117      0.4804      9.3026     16.9734
 occupation              2.0000
 
 
 
 
 ==============================================================================
                           electrostatic moments
 ==============================================================================

 reference point for electrostatic moments:    0.00000   0.00000   0.00000

 
              nuc           elec       ->  total
 ------------------------------------------------------------------------------
                          charge      
 ------------------------------------------------------------------------------
           2.000000      -2.000000      -0.000000
 
 ------------------------------------------------------------------------------
                       dipole moment  
 ------------------------------------------------------------------------------
   x       0.000000       0.000000       0.000000
   y       0.000000       0.000000       0.000000
   z       0.000000       0.000000       0.000000
 
   | dipole moment | =     0.0000 a.u. =     0.0000 debye 
 
 ------------------------------------------------------------------------------
                     quadrupole moment
 ------------------------------------------------------------------------------
  xx       0.000000      -1.617354      -1.617354
  yy       0.000000      -1.617354      -1.617354
  zz       1.414320      -2.603433      -1.189113
  xy       0.000000       0.000000       0.000000
  xz       0.000000       0.000000       0.000000
  yz       0.000000       0.000000       0.000000
 
     1/3  trace=      -1.474607
     anisotropy=       0.428242
 
 ==============================================================================
 
HOMO-LUMO Separation
 HOMO         :   -0.36056957 H =     -9.81160 eV
 LUMO         :    0.01765250 H =     +0.48035 eV
 HOMO-LUMO gap:    0.37822207 H =    +10.29195 eV
 
 ==============================================================================


    ------------------------------------------------------------------------
         total  cpu-time :   0.02 seconds
         total wall-time :   0.03 seconds
    ------------------------------------------------------------------------

   ****  dscf : all done  ****


    2021-12-20 15:19:57.682 

