
 dscf (fedora) : TURBOMOLE rev. V7.5.1 compiled 23 Dec 2020 at 11:32:14
 Copyright (C) 2020 TURBOMOLE GmbH, Karlsruhe


    2021-12-20 11:14:52.652 



                             d s c f - program

                   idea & directorship : reinhart ahlrichs
                   program development : marco haeser
                                         michael baer
                           dft version : oliver treutler


                          quantum chemistry group
                          universitaet  karlsruhe
                                  germany



   *-----------------------------------------------------------------------*
   |                     program will use  1 thread(s)                     |
   *-----------------------------------------------------------------------*


              +--------------------------------------------------+
              | Atomic coordinate, charge and isotop information |
              +--------------------------------------------------+

                    atomic coordinates            atom    charge  isotop
          0.00000000    0.00000000   -0.69919867    h      1.000     0
          0.00000000    0.00000000    0.69919867    h      1.000     0
 
       center of nuclear mass  :    0.00000000    0.00000000    0.00000000
       center of nuclear charge:    0.00000000    0.00000000    0.00000000

   *************************************************************************
   dscf                                                                     
   *************************************************************************



              +--------------------------------------------------+
              |               basis set information              |
              +--------------------------------------------------+

              we will work with the 1s 3p 5d 7f 9g ... basis set
              ...i.e. with spherical basis functions...

   type   atoms  prim   cont   basis
   ---------------------------------------------------------------------------
    h        2      4      2   def-SV(P)   [2s|4s]
   ---------------------------------------------------------------------------
   total:    2      8      4
   ---------------------------------------------------------------------------

   total number of primitive shells          :    4
   total number of contracted shells         :    4
   total number of cartesian basis functions :    4
   total number of SCF-basis functions       :    4


 integral neglect threshold       :  0.83E-09
 integral storage threshold THIZE :  0.10E-04
 integral storage threshold THIME :         5


 symmetry group of the molecule :   c1 

 the group has the following generators :
   c1(z)

    1 symmetry operations found

 there are 1 real representations :   a   

 maximum number of shells which are related by symmetry :  1

  
           ------------------
           density functional
           ------------------
 B-P86 functional
 exchange:    LDA + Becke (B88)
 correlation: LDA (VWN) + Perdew (P86)

 iterations will be done with small grid
  
 spherical integration : Lebedev's spherical grid
 spherical gridsize    :                     3
    i.e. gridpoints    :                   302
 value for diffuse not defined
 radial integration    : Chebyshev 2nd kind (scaling 3)
 radial gridsize       :                     3
 integration cells     :                     2
 partition function    : becke
 partition sharpness   :                     3
  

          ------------------------
          nuclear repulsion energy  :  0.715104339058    
          ------------------------


         -----------------
         -S,T+V- integrals
         -----------------

 1e-integrals will be neglected if expon. factor < 0.835490E-10
 
   Difference densities algorithm switched on.
   The maximal number of linear combinations of
   difference densities is                    20 .

 DIIS switched on: error vector is FDS-SDF
 Max. Iterations for DIIS is     :   4
 DIIS matrix (see manual) 
    Scaling factor of diagonals  :  1.200
    threshold for scaling factor :  0.000

 scf convergence criterion : increment of total energy < .1000000D-06
                  and increment of one-electron energy < .1000000D-03

 MOs are in ASCII format !


    mo occupation :
   irrep   mo's   occupied
    a        4        1
 
 number of basis functions   :     4
 number of occupied orbitals :     1
 

 reading orbital data $scfmo  from file mos
 orbital characterization : expanded
 virtual MOs provided and orthogonalized by Cholesky decomposition

 automatic virtual orbital shift switched on 
      shift if e(lumo)-e(homo) < 0.10000000    


 DSCF restart information will be dumped onto file mos

          Overall gridpoints after grid construction =          1698
 
                                              current damping :  0.300
 ITERATION  ENERGY          1e-ENERGY        2e-ENERGY     NORM[dD(SAO)]  TOL
   1  -1.1316928614064    -2.3712699711    0.52447277059    0.000D+00 0.833D-09
                            Exc =    -0.608973085410     N = 1.9999417041    
          max. resid. norm for Fia-block=  1.289D-01 for orbital      1a         
          max. resid. fock norm         =  2.165D-01 for orbital      2a         
          Delta Eig. =    41.5521251148 eV 
 
                                              current damping :  0.250
 ITERATION  ENERGY          1e-ENERGY        2e-ENERGY     NORM[dD(SAO)]  TOL
   2  -1.1630817196136    -2.4537726002    0.57558654153    0.183D+00 0.499D-09
                            Exc =    -0.662984557813     N = 1.9999059585    
          Norm of current diis error: 0.12340    
          max. resid. norm for Fia-block=  4.497D-02 for orbital      1a         
          max. resid. fock norm         =  4.497D-02 for orbital      1a         
          Delta Eig. =     9.1513509742 eV 
 
                                              current damping :  0.100
 ITERATION  ENERGY          1e-ENERGY        2e-ENERGY     NORM[dD(SAO)]  TOL
   3  -1.1689485987019    -2.4869004345    0.60284749672    0.192D-01 0.384D-09
                            Exc =    -0.691887404044     N = 1.9998911468    
          Norm of current diis error: 0.28891E-01
          max. resid. norm for Fia-block=  1.007D-02 for orbital      1a         
          max. resid. fock norm         =  1.007D-02 for orbital      1a         
          Delta Eig. =     1.9335736432 eV 
 
                                              current damping :  0.100
 ITERATION  ENERGY          1e-ENERGY        2e-ENERGY     NORM[dD(SAO)]  TOL
   4  -1.1692919082078    -2.4949464116    0.61055016433    0.141D-14 0.346D-09
                            Exc =    -0.700079767547     N = 1.9998874734    
          Norm of current diis error: 0.24547E-02
          max. resid. norm for Fia-block=  8.502D-04 for orbital      1a         
          max. resid. fock norm         =  8.502D-04 for orbital      1a         
          Delta Eig. =     0.1626575837 eV 
 
                                              current damping :  0.100
 ITERATION  ENERGY          1e-ENERGY        2e-ENERGY     NORM[dD(SAO)]  TOL
   5  -1.1692944001190    -2.4956045517    0.61120581247    0.166D-14 0.327D-09
                            Exc =    -0.700777753645     N = 1.9998871711    
          Norm of current diis error: 0.20929E-03
          max. resid. norm for Fia-block=  7.287D-05 for orbital      1a         
          max. resid. fock norm         =  7.287D-05 for orbital      1a         
 mo-orthogonalization: Cholesky decomposition
          Delta Eig. =     0.0141900082 eV 

 ENERGY CONVERGED !

 Evaluating v_xc on big grid 
          Overall gridpoints after grid construction =          7420
 
                                              current damping :  0.100
 ITERATION  ENERGY          1e-ENERGY        2e-ENERGY     NORM[dD(SAO)]  TOL
   6  -1.1693314341945    -2.4956608035    0.61122503026    0.149D-15 0.313D-09
                            Exc =    -0.700874639574     N = 2.0000004981    
          max. resid. norm for Fia-block=  7.068D-06 for orbital      1a         
          max. resid. fock norm         =  7.068D-06 for orbital      1a         

 convergence criteria satisfied after     6 iterations


   *************************************************************************
   dscf                                                                     
   *************************************************************************


                  ------------------------------------------ 
                 |  total energy      =     -1.16933143419  |
                  ------------------------------------------ 
                 :  kinetic energy    =      1.10518695141  :
                 :  potential energy  =     -2.27451838560  :
                 :  virial theorem    =      1.94514430989  :
                 :  wavefunction norm =      1.00000000000  :
                  .......................................... 


 <geterg> : there is no data group $energy 


 <skperg> : $end is missing 


 orbitals $scfmo  will be written to file mos

    irrep                  1a          2a          3a          4a   
 eigenvalues H         -0.38352     0.05907     0.31360     0.73879
            eV         -10.4362      1.6075      8.5337     20.1038
 occupation              2.0000
 
 
 
 
 ==============================================================================
                           electrostatic moments
 ==============================================================================

 reference point for electrostatic moments:    0.00000   0.00000   0.00000

 
              nuc           elec       ->  total
 ------------------------------------------------------------------------------
                          charge      
 ------------------------------------------------------------------------------
           2.000000      -2.000000       0.000000
 
 ------------------------------------------------------------------------------
                       dipole moment  
 ------------------------------------------------------------------------------
   x       0.000000       0.000000       0.000000
   y       0.000000       0.000000       0.000000
   z       0.000000      -0.000000      -0.000000
 
   | dipole moment | =     0.0000 a.u. =     0.0000 debye 
 
 ------------------------------------------------------------------------------
                     quadrupole moment
 ------------------------------------------------------------------------------
  xx       0.000000      -1.463419      -1.463419
  yy       0.000000      -1.463419      -1.463419
  zz       0.977758      -2.121861      -1.144104
  xy       0.000000       0.000000       0.000000
  xz       0.000000       0.000000       0.000000
  yz       0.000000       0.000000       0.000000
 
     1/3  trace=      -1.356981
     anisotropy=       0.319315
 
 ==============================================================================
 
HOMO-LUMO Separation
 HOMO         :   -0.38351961 H =    -10.43611 eV
 LUMO         :    0.05907256 H =     +1.60745 eV
 HOMO-LUMO gap:    0.44259218 H =    +12.04355 eV
 
 ==============================================================================


    ------------------------------------------------------------------------
         total  cpu-time :   0.02 seconds
         total wall-time :   0.02 seconds
    ------------------------------------------------------------------------

   ****  dscf : all done  ****


    2021-12-20 11:14:52.671 

