
 dscf (fedora) : TURBOMOLE rev. V7-6 19 Oct 2021 at 10:10:11 compiled Oct 19th 2021
 Copyright (C) 2021 TURBOMOLE GmbH, Karlsruhe


    2023-05-11 15:08:14.597 



                             d s c f - program

                   idea & directorship : reinhart ahlrichs
                   program development : marco haeser
                                         michael baer
                           dft version : oliver treutler


                          quantum chemistry group
                          universitaet  karlsruhe
                                  germany



   *-----------------------------------------------------------------------*
   |                     program will use  1 thread(s)                     |
   *-----------------------------------------------------------------------*


              +--------------------------------------------------+
              | Atomic coordinate, charge and isotop information |
              +--------------------------------------------------+

                    atomic coordinates            atom    charge  isotop
          0.00000000    0.00000000   -0.69919867    h      1.000     0
          0.00000000    0.00000000    0.69919867    h      1.000     0
 
       center of nuclear mass  :    0.00000000    0.00000000    0.00000000
       center of nuclear charge:    0.00000000    0.00000000    0.00000000

   *************************************************************************
   dscf                                                                     
   *************************************************************************



              +--------------------------------------------------+
              |               basis set information              |
              +--------------------------------------------------+

              we will work with the 1s 3p 5d 7f 9g ... basis set
              ...i.e. with spherical basis functions...

   type   atoms  prim   cont   basis
   ---------------------------------------------------------------------------
    h        2      4      2   def-SV(P)   [2s|4s]
   ---------------------------------------------------------------------------
   total:    2      8      4
   ---------------------------------------------------------------------------

   total number of primitive shells          :    4
   total number of contracted shells         :    4
   total number of cartesian basis functions :    4
   total number of SCF-basis functions       :    4


 integral neglect threshold       :  0.83E-09
 integral storage threshold THIZE :  0.10E-04
 integral storage threshold THIME :         5


 symmetry group of the molecule :   c1 

 the group has the following generators :
   c1(z)

    1 symmetry operations found

 there are 1 real representations :   a   

 maximum number of shells which are related by symmetry :  1

  
           ------------------
           density functional
           ------------------
 PBE functional
 exchange:    LDA + PBE
 correlation: LDA (PW) + PBE

 iterations will be done with small grid
  
 spherical integration : Lebedev's spherical grid
 spherical gridsize    :                     3
    i.e. gridpoints    :                   302
 value for diffuse not defined
 radial integration    : Chebyshev 2nd kind (scaling 3)
 radial gridsize       :                     3
 integration cells     :                     2
 partition function    : becke
 partition sharpness   :                     3
  

          ------------------------
          nuclear repulsion energy  :  0.715104339058    
          ------------------------


         -----------------
         -S,T+V- integrals
         -----------------

 1e-integrals will be neglected if expon. factor < 0.835490E-10
 
   Difference densities algorithm switched on.
   The maximal number of linear combinations of
   difference densities is                    20 .

 DIIS switched on: error vector is FDS-SDF
 Max. Iterations for DIIS is     :   4
 DIIS matrix (see manual) 
    Scaling factor of diagonals  :  1.200
    threshold for scaling factor :  0.000

 scf convergence criterion : increment of total energy < .1000000D-06
                  and increment of one-electron energy < .1000000D-03

 MOs are in ASCII format !


    mo occupation :
   irrep   mo's   occupied
    a        4        1
 
 number of basis functions   :     4
 number of occupied orbitals :     1
 

 reading orbital data $scfmo  from file mos
 orbital characterization : expanded
 virtual MOs provided and orthogonalized by Cholesky decomposition

 automatic virtual orbital shift switched on 
      shift if e(lumo)-e(homo) < 0.10000000    


 DSCF restart information will be dumped onto file mos

          Overall gridpoints after grid construction =          1698
 
                                              current damping :  0.300
 ITERATION  ENERGY          1e-ENERGY        2e-ENERGY     NORM[dD(SAO)]  TOL
   1  -1.1203287009349    -2.3712699711    0.53583693106    0.000D+00 0.833D-09
                            Exc =    -0.597608924938     N = 1.9999417041    
          max. resid. norm for Fia-block=  1.289D-01 for orbital      1a         
          max. resid. fock norm         =  2.160D-01 for orbital      2a         
          Delta Eig. =    41.4687226424 eV 
 
                                              current damping :  0.250
 ITERATION  ENERGY          1e-ENERGY        2e-ENERGY     NORM[dD(SAO)]  TOL
   2  -1.1515396271888    -2.4537761765    0.58713221022    0.183D+00 0.499D-09
                            Exc =    -0.651444344515     N = 1.9999059569    
          Norm of current diis error: 0.12078    
          max. resid. norm for Fia-block=  4.357D-02 for orbital      1a         
          max. resid. fock norm         =  4.357D-02 for orbital      1a         
          Delta Eig. =     9.2205199959 eV 
 
                                              current damping :  0.100
 ITERATION  ENERGY          1e-ENERGY        2e-ENERGY     NORM[dD(SAO)]  TOL
   3  -1.1570901014592    -2.4862066203    0.61401217977    0.186D-01 0.386D-09
                            Exc =    -0.679404005733     N = 1.9998914618    
          Norm of current diis error: 0.26763E-01
          max. resid. norm for Fia-block=  9.162D-03 for orbital      1a         
          max. resid. fock norm         =  9.162D-03 for orbital      1a         
          Delta Eig. =     1.9889220460 eV 
 
                                              current damping :  0.100
 ITERATION  ENERGY          1e-ENERGY        2e-ENERGY     NORM[dD(SAO)]  TOL
   4  -1.1573795878583    -2.4936898734    0.62120594646    0.172D-14 0.348D-09
                            Exc =    -0.686863503899     N = 1.9998880497    
          Norm of current diis error: 0.19177E-02
          max. resid. norm for Fia-block=  6.490D-04 for orbital      1a         
          max. resid. fock norm         =  7.480D-04 for orbital      2a         
          Delta Eig. =     0.1729191248 eV 
 
                                              current damping :  0.100
 ITERATION  ENERGY          1e-ENERGY        2e-ENERGY     NORM[dD(SAO)]  TOL
   5  -1.1573810810205    -2.4942061211    0.62172070102    0.195D-14 0.335D-09
                            Exc =    -0.687396974782     N = 1.9998878130    
          Norm of current diis error: 0.14492E-03
          max. resid. norm for Fia-block=  4.904D-05 for orbital      1a         
          max. resid. fock norm         =  7.238D-05 for orbital      2a         
 mo-orthogonalization: Cholesky decomposition
          Delta Eig. =     0.0154276605 eV 

 ENERGY CONVERGED !

 Evaluating v_xc on big grid 
          Overall gridpoints after grid construction =          7420
 
                                              current damping :  0.100
 ITERATION  ENERGY          1e-ENERGY        2e-ENERGY     NORM[dD(SAO)]  TOL
   6  -1.1574175693585    -2.4942450625    0.62172315412    0.131D-15 0.319D-09
                            Exc =    -0.687473801579     N = 2.0000005071    
          max. resid. norm for Fia-block=  4.590D-06 for orbital      1a         
          max. resid. fock norm         =  6.325D-06 for orbital      2a         

 convergence criteria satisfied after     6 iterations


   *************************************************************************
   dscf                                                                     
   *************************************************************************


                  ------------------------------------------ 
                 |  total energy      =     -1.15741756936  |
                  ------------------------------------------ 
                 :  kinetic energy    =      1.10022119844  :
                 :  potential energy  =     -2.25763876780  :
                 :  virial theorem    =      1.95058276941  :
                 :  wavefunction norm =      1.00000000000  :
                  .......................................... 


 <geterg> : there is no data group $energy 


 <skperg> : $end is missing 


 orbitals $scfmo  will be written to file mos

    irrep                  1a          2a          3a          4a   
 eigenvalues H         -0.37965     0.05713     0.30785     0.73720
            eV         -10.3308      1.5547      8.3770     20.0603
 occupation              2.0000
 
 
 
 
 ==============================================================================
                           electrostatic moments
 ==============================================================================

 reference point for electrostatic moments:    0.00000   0.00000   0.00000

 
              nuc           elec       ->  total
 ------------------------------------------------------------------------------
                          charge      
 ------------------------------------------------------------------------------
           2.000000      -2.000000      -0.000000
 
 ------------------------------------------------------------------------------
                       dipole moment  
 ------------------------------------------------------------------------------
   x       0.000000       0.000000       0.000000
   y       0.000000       0.000000       0.000000
   z       0.000000      -0.000000      -0.000000
 
   | dipole moment | =     0.0000 a.u. =     0.0000 debye 
 
 ------------------------------------------------------------------------------
                     quadrupole moment
 ------------------------------------------------------------------------------
  xx       0.000000      -1.471928      -1.471928
  yy       0.000000      -1.471928      -1.471928
  zz       0.977758      -2.130174      -1.152416
  xy       0.000000       0.000000       0.000000
  xz       0.000000       0.000000       0.000000
  yz       0.000000       0.000000       0.000000
 
     1/3  trace=      -1.365424
     anisotropy=       0.319512
 
 ==============================================================================
 
HOMO-LUMO Separation
 HOMO         :   -0.37964682 H =    -10.33072 eV
 LUMO         :    0.05713465 H =     +1.55471 eV
 HOMO-LUMO gap:    0.43678147 H =    +11.88544 eV
 
 ==============================================================================


    ------------------------------------------------------------------------
         total  cpu-time :   0.04 seconds
         total wall-time :   0.04 seconds
    ------------------------------------------------------------------------

   ****  dscf : all done  ****


    2023-05-11 15:08:14.629 

