
 ricc2 (fedora) : TURBOMOLE rev. V7.5.1 compiled 23 Dec 2020 at 11:32:14
 Copyright (C) 2020 TURBOMOLE GmbH, Karlsruhe


    2021-12-20 12:09:35.325 



                              R I C C 2 - PROGRAM

                          the quantum chemistry groups
                             at the universities in
                               Karlsruhe & Bochum
                                   Germany



   *-----------------------------------------------------------------------*
   |                     program will use  1 thread(s)                     |
   *-----------------------------------------------------------------------*


              +--------------------------------------------------+
              | Atomic coordinate, charge and isotop information |
              +--------------------------------------------------+

                    atomic coordinates            atom    charge  isotop
          0.00000000    0.00000000    0.02871817    mn    25.000     0
          0.00000000    3.15307229   -0.35897237    h      1.000     0
          0.00000000   -3.15307229   -0.35897237    h      1.000     0
 
       center of nuclear mass  :    0.00000000    0.00000000    0.01499548
       center of nuclear charge:    0.00000000    0.00000000    0.00000035

   *************************************************************************
   ridft_rimp2                                                              
   *************************************************************************



              +--------------------------------------------------+
              |               basis set information              |
              +--------------------------------------------------+

              we will work with the 1s 3p 5d 7f 9g ... basis set
              ...i.e. with spherical basis functions...

   type   atoms  prim   cont   basis
   ---------------------------------------------------------------------------
    mn       1     66     24   def-SV(P)   [5s3p2d|14s9p5d]
    h        2      4      2   def-SV(P)   [2s|4s]
   ---------------------------------------------------------------------------
   total:    3     74     28
   ---------------------------------------------------------------------------

   total number of primitive shells          :   32
   total number of contracted shells         :   14
   total number of cartesian basis functions :   30
   total number of SCF-basis functions       :   28


 symmetry group of the molecule :   c1 

 the group has the following generators :
   c1(z)

    1 symmetry operations found

 there are 1 real representations :   a   


   =========================================================================


     unrestricted open shell calculation for the wavefunction models:
               MP2        - Second Order Moeller Plesset PT


     global parameters for ricc2 program:

        hard restart (reuse of interm.) :  disabled
        soft restart (reuse of vectors) :  disabled
        threshold for vector function   :    0.100000E-05
        convergence threshold energy    :    0.100000E-06
        linear dependence threshold     :    0.100000E-13
        global print level              :      1
        maximum number of iterations    :   200
        maximum number DIIS vectors     :    10
        max. dim. of reduced space      :   100
        core memory limit (MB)          :   500


     this is a ground state geometry optimization run at the MP2 level

     Scratch Directory : 


   =========================================================================

    der. integral neglect threshold  :  0.10E-07
    integral neglect threshold       :  0.11E-09
    integral storage threshold THIZE :  0.10E-04
    integral storage threshold THIME :         5


                  +---------------------------------------------+
                  | RI-SCF/CPHF auxiliary basis set information |
                  +---------------------------------------------+

              we will work with the 1s 3p 5d 7f 9g ... basis set
              ...i.e. with spherical basis functions...

   type   atoms  prim   cont   basis
   ---------------------------------------------------------------------------
    mn       1    300    264   def-SV(P)   [16s13p11d9f5g3h1i|19s14p12d10f7g3h1i]
    h        2     20     18   def-SV(P)   [2s2p2d|4s2p2d]
   ---------------------------------------------------------------------------
   total:    3    340    300
   ---------------------------------------------------------------------------

   total number of primitive shells          :   74
   total number of contracted shells         :   70
   total number of cartesian basis functions :  417
   total number of SCF-basis functions       :  300


                  +------------------------------------------+
                  |     Auxiliary basis set information      |
                  +------------------------------------------+

              we will work with the 1s 3p 5d 7f 9g ... basis set
              ...i.e. with spherical basis functions...

   type   atoms  prim   cont   basis
   ---------------------------------------------------------------------------
    mn       1    151     94   def-SV(P)   [9s7p5d3f2g|11s9p7d6f4g]
    h        2     23     14   def-SV(P)   [3s2p1d|4s3p2d]
   ---------------------------------------------------------------------------
   total:    3    197    122
   ---------------------------------------------------------------------------

   total number of primitive shells          :   46
   total number of contracted shells         :   38
   total number of cartesian basis functions :  150
   total number of SCF-basis functions       :  122


 maximum number of shells which are related by symmetry :  1


 The symmetry information takes   1 MB

*---------------------------------------------------------------------*
|               simplified C1 algorithm will be applied               |
*---------------------------------------------------------------------*
 +===============================================+
 |   spin-orbital based open-shell calculation   |
 |   using a UHF reference wave function         |
 +===============================================+
 spin orbital occupation:
  alpha :                    15
  beta  :                    11
  MOs are in ASCII format !


 reading orbital data $uhfmo_alpha  from file alpha
 orbital characterization : scfconv=7

 reading orbital data $uhfmo_beta  from file beta
 orbital characterization : scfconv=7
 time elapsed for calculating density matrices :   0.000 sec



              +--------------------------------------------+
              | list of orbitals that will be kept frozen: |
              +--------------------------------------------+
              |   irrep   index      energy     occ/vir    |
              +--------------------------------------------+
              |   a         1     -240.8640     occupied   |
              |   a         2      -29.5107     occupied   |
              |   a         3      -25.2249     occupied   |
              |   a         4      -25.2232     occupied   |
              |   a         5      -25.2232     occupied   |
              |   a         6       -4.3417     occupied   |
              |   a         1     -240.8632     occupied   |
              |   a         2      -29.3821     occupied   |
              |   a         3      -25.1000     occupied   |
              |   a         4      -25.0931     occupied   |
              |   a         5      -25.0931     occupied   |
              |   a         6       -3.9524     occupied   |
              +--------------------------------------------+



   Molecular Orbital Statistic:
   ============================

   ------------------------------------------
   orbitals in total:  alpha spin   beta spin
   ------------------------------------------
    frozen occupied :      6           6
    active occupied :      9           5
    active virtual  :     13          17
    frozen virtual  :      0           0
    all together    :     28          28
   ----------------------------------------


     time in riccmos       cpu:  0.00 sec    wall:  0.00 sec    ratio:  1.0

     total memory allocated for calculation of (Q|P)**(-1/2) : 1 MiB


     calculation of (P|Q) ...
     time in lp2sym        cpu:  0.00 sec    wall:  0.00 sec    ratio:  1.0


     calculation of the Cholesky decomposition of (P|Q)**(-1) ...
     time in invmetri      cpu:  0.00 sec    wall:  0.00 sec    ratio:  0.9

   threshold for RMS(d[D]) in SCF was     :  0.10E-06
   integral neglect threshold             :  0.11E-09
   derivative integral neglect threshold  :  0.10E-07


 setting up bound for integral derivative estimation

 increment for numerical differentiation : 0.00050000

   =========================================================================

     Energy of reference wave function is -1150.4262241150000
     Maximum orbital residual is           0.4662936825706E-05


     Number of symmetry-nonredundant auxiliary basis functions:      122

     Block lengths for integral files:
        frozen occupied (BOI):        1 MiB
        active occupied (BJI):        1 MiB
        active virtual  (BAI):        1 MiB
        frozen virtual  (BGI):        0 MiB
               general  (BTI):        1 MiB

   =========================================================================



      A RI-SCF based gradient calculation will be done.
      A "jkbas" type auxiliary basis is used for RI-SCF and/or RI-CPHF.

      The semi-canonical algorithm will be used for densities


                    ========   CC DENSITY MODULE   ========

                      current wave-function model: MP2     

  calculating CC ground state density

   a semicanonical algorithm will be used when possible

    density nr.      cpu/min        wall/min    L     R
   ------------------------------------------------------
         1             0.00            0.00    L0     R0  
   ------------------------------------------------------
     time in cc_1den       cpu:  0.01 sec    wall:  0.01 sec    ratio:  1.0

 reading orbital data $uhfmo_alpha  from file alpha
 orbital characterization : scfconv=7

 reading orbital data $uhfmo_beta  from file beta
 orbital characterization : scfconv=7

   EMP2            :    -1150.532123455362
   EMP2 from traces:    -1150.532123455362
   Delta           :       -0.000000000000

   --------------------------------------------------------------------------

        Solving RI-CPHF equations using a "jkbas" type auxiliary basis


 ======== LINEAR CC RESPONSE SOLVER ========

    threshold for convergence: 1.00E-04
    maximum number of simultaneous Jacobi matrix transformations:  1
                                                
     summary of start vectors generation:
     -------------------------------------------
     type of solution vectors      : l0o
     symmetry                      : a  
     number of vectors requested   :     1
     number of vectors generated   :     1
     -------------------------------------------
                                                

    Iter  #Vectors  time (min)    max. residual 
    --------------------------------------------
      1       1         0.00     0.55E+00  (  1)
      2       1         0.00     0.20E+00  (  1)
      3       1         0.00     0.84E-01  (  1)
      4       1         0.00     0.27E-01  (  1)
      5       1         0.00     0.51E-02  (  1)
      6       1         0.00     0.16E-02  (  1)
      7       1         0.00     0.34E-03  (  1)
      8       1         0.00     0.10E-03  (  1)
      9       1         0.00     0.28E-04  (  1)
    --------------------------------------------
    converged in  9 iterations

         Total time          0.00 minutes


 ===========================================


   --------------------------------------------------------------------------

 1e-integral 1st. derivatives will be neglected if expon. factor < 0.100000E-11

 

     +--------------------------------------------------------------------+
     | MP2 unrelaxed natural orbital occupation numbers                   |
     +--------------------------------------------------------------------+
     | natural orb.  |  occupation numbers                                |
     +---------------+----------------------------------------------------+
     | a   (alpha)   |                                                    |
     |     1 -     5 |     1.0000    1.0000    1.0000    1.0000    1.0000 |
     |     6 -    10 |     1.0000    0.9990    0.9990    0.9989    0.9964 |
     |    11 -    15 |     0.9964    0.9961    0.9960    0.9923    0.9845 |
     |    16 -    20 |     0.0167    0.0044    0.0044    0.0038    0.0038 |
     |    21 -    23 |     0.0025    0.0020    0.0014                     |
     | a   (beta)    |                                                    |
     |     1 -     5 |     1.0000    1.0000    1.0000    1.0000    1.0000 |
     |     6 -    10 |     1.0000    0.9959    0.9958    0.9958    0.9925 |
     |    11 -    15 |     0.9894    0.0104    0.0041    0.0028    0.0023 |
     |    16 -    19 |     0.0023    0.0021    0.0021    0.0012           |
     +---------------+----------------------------------------------------+
      natural orbitals with occ <   0.10E-02 are not shown

      Maximum change in occupation number:
        occupied (alpha) :    -1.55 % (   15 a    )
        virtual (alpha)  :     1.67 % (   16 a    )
        occupied (beta)  :    -1.06 % (   11 a    )
        virtual (beta)   :     1.04 % (   12 a    )
 
 WARNING: unphysical eigenvalue of NO    28a   (alpha) : occ=  -0.0013272

     +--------------------------------------------------------------------+
     | MP2 relaxed   natural orbital occupation numbers                   |
     +--------------------------------------------------------------------+
     | natural orb.  |  occupation numbers                                |
     +---------------+----------------------------------------------------+
     | a   (alpha)   |                                                    |
     |     1 -     5 |     1.0007    1.0000    1.0000    1.0000    1.0000 |
     |     6 -    10 |     1.0000    0.9998    0.9990    0.9990    0.9989 |
     |    11 -    15 |     0.9964    0.9964    0.9961    0.9961    0.9853 |
     |    16 -    20 |     0.0102    0.0043    0.0043    0.0038    0.0038 |
     |    21 -    23 |     0.0021    0.0019    0.0011                     |
     | a   (beta)    |                                                    |
     |     1 -     5 |     1.0000    1.0000    1.0000    1.0000    1.0000 |
     |     6 -    10 |     1.0000    0.9981    0.9959    0.9958    0.9957 |
     |    11 -    15 |     0.9901    0.0066    0.0037    0.0023    0.0021 |
     |    16 -    19 |     0.0021    0.0020    0.0017    0.0012           |
     +---------------+----------------------------------------------------+
      natural orbitals with occ <   0.10E-02 are not shown

      Maximum change in occupation number:
        occupied (alpha) :    -1.47 % (   15 a    )
        virtual (alpha)  :     1.02 % (   16 a    )
        occupied (beta)  :    -0.99 % (   11 a    )
        virtual (beta)   :     0.66 % (   12 a    )


 **************************************************************
 *                                                            *
 *<<<<<<<<<<  GROUND STATE FIRST-ORDER PROPERTIES  >>>>>>>>>>>*
 *                                                            *
 **************************************************************


        ------------------------------------------------
            Method          :  MP2     
            Total Energy    :  -1150.5321234554
        ------------------------------------------------


        ------------------------------------------------
                      moments of inertia 
                0.292     20.042     20.334  in a.u.

                   rotational constants 
            205.96676    3.00365    2.96047  in cm**(-1)
        ------------------------------------------------


  NOTE: unrelaxed properties printed below refer to the MP1 wavefunction and
        are only correct through first order in the fluctuation potential!

 +===========================================================================+
 | OPERATOR         | EXPECTAT. VALUE  | ELECTRONIC CONT. | NUCLEAR CONTRIB. |
 +==================+==================+==================+==================+
 |                  |                  |                  |                  |
 | xdiplen  (unrel) |     -0.00000000  |     -0.00000000  |      0.00000000  | 
 | xdiplen  (relax) |     -0.00000000  |     -0.00000000  |      0.00000000  | 
 |                  |                  |                  |                  |
 | ydiplen  (unrel) |     -0.00000013  |     -0.00000013  |      0.00000000  | 
 | ydiplen  (relax) |      0.00001857  |      0.00001857  |      0.00000000  | 
 |                  |                  |                  |                  |
 | zdiplen  (unrel) |      0.19557444  |      0.19556499  |      0.00000945  | 
 | zdiplen  (relax) |      0.19608352  |      0.19607407  |      0.00000945  | 
 |                  |                  |                  |                  |
 | xxqudlen (unrel) |     -8.93661134  |     -8.93661134  |      0.00000000  | 
 | xxqudlen (relax) |     -9.00542359  |     -9.00542359  |      0.00000000  | 
 |                  |                  |                  |                  |
 | xyqudlen (unrel) |      0.00000000  |      0.00000000  |      0.00000000  | 
 | xyqudlen (relax) |      0.00000000  |      0.00000000  |      0.00000000  | 
 |                  |                  |                  |                  |
 | xzqudlen (unrel) |     -0.00000000  |     -0.00000000  |      0.00000000  | 
 | xzqudlen (relax) |      0.00000000  |      0.00000000  |      0.00000000  | 
 |                  |                  |                  |                  |
 | yyqudlen (unrel) |    -13.70757684  |    -33.59130657  |     19.88372973  | 
 | yyqudlen (relax) |    -13.60304639  |    -33.48677611  |     19.88372973  | 
 |                  |                  |                  |                  |
 | yzqudlen (unrel) |      0.00000003  |      0.00000003  |      0.00000000  | 
 | yzqudlen (relax) |     -0.00000420  |     -0.00000420  |      0.00000000  | 
 |                  |                  |                  |                  |
 | zzqudlen (unrel) |     -8.95954254  |     -9.23788320  |      0.27834066  | 
 | zzqudlen (relax) |     -9.02760891  |     -9.30594957  |      0.27834066  | 
 |                  |                  |                  |                  |
 +===========================================================================+


     Analysis of relaxed properties:
     ===============================


     dipole moment:
     --------------

     x     -0.00000000
     y      0.00001857
     z      0.19608352

     | dipole moment | =      0.19608352 a.u. =      0.49839459 debye


     traceless quadrupole tensor:
     ----------------------------

               x              y              z

     x     2.30990405     0.00000000     0.00000000
     y                   -4.58653013    -0.00000630
     z                                   2.27662608


     principal axes of tensor: 

      x' = (   1.0000000,   0.0000000,   0.0000000 )
      y' = (  -0.0000000,   1.0000000,   0.0000009 )
      z' = (   0.0000000,  -0.0000009,   1.0000000 )

     < Q(x'x') > =      2.30990405 a.u.
     < Q(y'y') > =     -4.58653013 a.u.
     < Q(z'z') > =      2.27662608 a.u.


     second moment of electron density:
     ----------------------------------

               x              y              z

     x     9.00542359    -0.00000000    -0.00000000
     y                   33.48677611     0.00000420
     z                                   9.30594957


     principal axes of tensor: 

      x' = (   1.0000000,   0.0000000,   0.0000000 )
      y' = (   0.0000000,   1.0000000,   0.0000002 )
      z' = (   0.0000000,  -0.0000002,   1.0000000 )

     < x'x'> =      9.00542359 a.u.
     < y'y'> =     33.48677611 a.u.
     < z'z'> =      9.30594957 a.u.

     Isotropic second moment:     alpha =     17.26604976 a.u.

     Anisotropy of second moment:  beta =     24.33248147 a.u.
 

    --------------------------------------------------------------------------


     Analysis of unrelaxed properties:
     =================================


     dipole moment:
     --------------

     x     -0.00000000
     y     -0.00000013
     z      0.19557444

     | dipole moment | =      0.19557444 a.u. =      0.49710064 debye


     traceless quadrupole tensor:
     ----------------------------

               x              y              z

     x     2.39694835     0.00000000    -0.00000000
     y                   -4.75949990     0.00000004
     z                                   2.36255155


     principal axes of tensor: 

      x' = (   1.0000000,   0.0000000,  -0.0000000 )
      y' = (  -0.0000000,   1.0000000,  -0.0000000 )
      z' = (   0.0000000,   0.0000000,   1.0000000 )

     < Q(x'x') > =      2.39694835 a.u.
     < Q(y'y') > =     -4.75949990 a.u.
     < Q(z'z') > =      2.36255155 a.u.


     second moment of electron density:
     ----------------------------------

               x              y              z

     x     8.93661134    -0.00000000     0.00000000
     y                   33.59130657    -0.00000003
     z                                   9.23788320


     principal axes of tensor: 

      x' = (   1.0000000,   0.0000000,   0.0000000 )
      y' = (   0.0000000,   1.0000000,  -0.0000000 )
      z' = (   0.0000000,   0.0000000,   1.0000000 )

     < x'x'> =      8.93661134 a.u.
     < y'y'> =     33.59130657 a.u.
     < z'z'> =      9.23788320 a.u.

     Isotropic second moment:     alpha =     17.25526703 a.u.

     Anisotropy of second moment:  beta =     24.50544828 a.u.
 

                  ------------------------------
                   total gradient of MP2 energy      
                  ------------------------------

          ------------------------------------------------
           cartesian gradient of the energy (hartree/bohr)
          ------------------------------------------------

  ATOM      1 mn          2 h           3 h 
dE/dx  0.0000000D+00 -0.1625648D-13  0.1834401D-13
dE/dy  0.3075737D-02  0.8008363D-01 -0.8315937D-01
dE/dz  0.3444395D-01 -0.1690227D-01 -0.1754168D-01
 
 resulting FORCE  (fx,fy,fz) = (0.209D-14,-.101D-13,0.101D-10)
 resulting MOMENT (mx,my,mz) = (0.824D-03,-.749D-15,0.109D-12)


 **********************************************************************
  |maximum component of gradient| : 0.83159367E-01  (atom  3 h )       
   gradient norm                  : 0.12295573    
 **********************************************************************

   ***  orbital-relaxed dipole moment written to <control>  ***


 <getgrd> : data group $grad  is missing 

   ***  cartesian gradients written onto <gradient>  ***
 
 ==============================================================================
 
 Exporting ground state density


    ------------------------------------------------------------------------
         total  cpu-time :   0.38 seconds
         total wall-time :   0.39 seconds
    ------------------------------------------------------------------------

   ****  ricc2 : all done  ****


    2021-12-20 12:09:35.705 

