OPTIMIZATION CYCLE 1
OPTIMIZATION CYCLE 2
OPTIMIZATION CYCLE 3
OPTIMIZATION CYCLE 4
OPTIMIZATION CYCLE 5
OPTIMIZATION CYCLE 6
OPTIMIZATION CYCLE 7
OPTIMIZATION CYCLE 8
OPTIMIZATION CYCLE 9
OPTIMIZATION CYCLE 10
OPTIMIZATION CYCLE 11
OPTIMIZATION CYCLE 12
OPTIMIZATION CYCLE 13
OPTIMIZATION CYCLE 14
OPTIMIZATION CYCLE 15
OPTIMIZATION CYCLE 16
OPTIMIZATION CYCLE 17
OPTIMIZATION CYCLE 18
OPTIMIZATION CYCLE 19
OPTIMIZATION CYCLE 20
OPTIMIZATION CYCLE 21
OPTIMIZATION CYCLE 22
OPTIMIZATION CYCLE 23
OPTIMIZATION CYCLE 24
OPTIMIZATION CYCLE 25
OPTIMIZATION CYCLE 26
OPTIMIZATION CYCLE 27
OPTIMIZATION CYCLE 28
