
 dscf (fedora) : TURBOMOLE rev. V7.5.1 compiled 23 Dec 2020 at 11:32:14
 Copyright (C) 2020 TURBOMOLE GmbH, Karlsruhe


    2021-12-20 15:19:58.036 



                             d s c f - program

                   idea & directorship : reinhart ahlrichs
                   program development : marco haeser
                                         michael baer
                           dft version : oliver treutler


                          quantum chemistry group
                          universitaet  karlsruhe
                                  germany



   *-----------------------------------------------------------------------*
   |                     program will use  1 thread(s)                     |
   *-----------------------------------------------------------------------*


              +--------------------------------------------------+
              | Atomic coordinate, charge and isotop information |
              +--------------------------------------------------+

                    atomic coordinates            atom    charge  isotop
          0.00000000    0.00000000   -0.60471236    h      1.000     0
          0.00000000    0.00000000    0.60471236    h      1.000     0
 
       center of nuclear mass  :    0.00000000    0.00000000    0.00000000
       center of nuclear charge:    0.00000000    0.00000000    0.00000000

   *************************************************************************
   dscf                                                                     
   *************************************************************************



              +--------------------------------------------------+
              |               basis set information              |
              +--------------------------------------------------+

              we will work with the 1s 3p 5d 7f 9g ... basis set
              ...i.e. with spherical basis functions...

   type   atoms  prim   cont   basis
   ---------------------------------------------------------------------------
    h        2      4      2   def-SV(P)   [2s|4s]
   ---------------------------------------------------------------------------
   total:    2      8      4
   ---------------------------------------------------------------------------

   total number of primitive shells          :    4
   total number of contracted shells         :    4
   total number of cartesian basis functions :    4
   total number of SCF-basis functions       :    4


 integral neglect threshold       :  0.83E-09
 integral storage threshold THIZE :  0.10E-04
 integral storage threshold THIME :         5


 symmetry group of the molecule :   c1 

 the group has the following generators :
   c1(z)

    1 symmetry operations found

 there are 1 real representations :   a   

 maximum number of shells which are related by symmetry :  1

  
           ------------------
           density functional
           ------------------
 B-P86 functional
 exchange:    LDA + Becke (B88)
 correlation: LDA (VWN) + Perdew (P86)

 iterations will be done with small grid
  
 spherical integration : Lebedev's spherical grid
 spherical gridsize    :                     3
    i.e. gridpoints    :                   302
 value for diffuse not defined
 radial integration    : Chebyshev 2nd kind (scaling 3)
 radial gridsize       :                     3
 integration cells     :                     2
 partition function    : becke
 partition sharpness   :                     3
  

          ------------------------
          nuclear repulsion energy  :  0.826839392036    
          ------------------------


         -----------------
         -S,T+V- integrals
         -----------------

 1e-integrals will be neglected if expon. factor < 0.835490E-10
 
   Difference densities algorithm switched on.
   The maximal number of linear combinations of
   difference densities is                    20 .

 DIIS switched on: error vector is FDS-SDF
 Max. Iterations for DIIS is     :   4
 DIIS matrix (see manual) 
    Scaling factor of diagonals  :  1.200
    threshold for scaling factor :  0.000

 scf convergence criterion : increment of total energy < .1000000D-06
                  and increment of one-electron energy < .1000000D-03

 MOs are in ASCII format !


    mo occupation :
   irrep   mo's   occupied
    a        4        1
 
 number of basis functions   :     4
 number of occupied orbitals :     1
 

 reading orbital data $scfmo  from file mos
 orbital characterization : expanded
 virtual MOs provided and orthogonalized by Cholesky decomposition

 automatic virtual orbital shift switched on 
      shift if e(lumo)-e(homo) < 0.10000000    


 DSCF restart information will be dumped onto file mos

          Overall gridpoints after grid construction =          1698
 
                                              current damping :  0.300
 ITERATION  ENERGY          1e-ENERGY        2e-ENERGY     NORM[dD(SAO)]  TOL
   1  -1.1008317429735    -2.4656355320    0.53796439703    0.000D+00 0.833D-09
                            Exc =    -0.619446271643     N = 2.0000312232    
          max. resid. norm for Fia-block=  1.571D-01 for orbital      1a         
          max. resid. fock norm         =  2.605D-01 for orbital      2a         
          Delta Eig. =    41.1467865149 eV 
 
                                              current damping :  0.250
 ITERATION  ENERGY          1e-ENERGY        2e-ENERGY     NORM[dD(SAO)]  TOL
   2  -1.1471917687876    -2.5785858713    0.60455471051    0.214D+00 0.496D-09
                            Exc =    -0.687461310212     N = 1.9999902090    
          Norm of current diis error: 0.15342    
          max. resid. norm for Fia-block=  5.292D-02 for orbital      1a         
          max. resid. fock norm         =  5.292D-02 for orbital      1a         
          Delta Eig. =     8.9096959376 eV 
 
                                              current damping :  0.100
 ITERATION  ENERGY          1e-ENERGY        2e-ENERGY     NORM[dD(SAO)]  TOL
   3  -1.1553900514069    -2.6209633228    0.63873387936    0.255D-01 0.385D-09
                            Exc =    -0.722354236187     N = 1.9999721975    
          Norm of current diis error: 0.35942E-01
          max. resid. norm for Fia-block=  1.190D-02 for orbital      1a         
          max. resid. fock norm         =  1.190D-02 for orbital      1a         
          Delta Eig. =     1.8613404676 eV 
 
                                              current damping :  0.100
 ITERATION  ENERGY          1e-ENERGY        2e-ENERGY     NORM[dD(SAO)]  TOL
   4  -1.1558724654776    -2.6310832234    0.64837136587    0.169D-14 0.347D-09
                            Exc =    -0.732214487284     N = 1.9999674564    
          Norm of current diis error: 0.31229E-02
          max. resid. norm for Fia-block=  1.029D-03 for orbital      1a         
          max. resid. fock norm         =  1.029D-03 for orbital      1a         
          Delta Eig. =     0.1546254825 eV 
 
                                              current damping :  0.100
 ITERATION  ENERGY          1e-ENERGY        2e-ENERGY     NORM[dD(SAO)]  TOL
   5  -1.1558761333284    -2.6319257845    0.64921025913    0.117D-15 0.340D-09
                            Exc =    -0.733073427605     N = 1.9999670506    
          Norm of current diis error: 0.27111E-03
          max. resid. norm for Fia-block=  8.993D-05 for orbital      1a         
          max. resid. fock norm         =  8.993D-05 for orbital      1a         
 mo-orthogonalization: Cholesky decomposition
          Delta Eig. =     0.0134019485 eV 

 ENERGY CONVERGED !

 Evaluating v_xc on big grid 
          Overall gridpoints after grid construction =          7418
 
                                              current damping :  0.100
 ITERATION  ENERGY          1e-ENERGY        2e-ENERGY     NORM[dD(SAO)]  TOL
   6  -1.1558870159326    -2.6319991761    0.64927276809    0.227D-15 0.259D-09
                            Exc =    -0.733159404943     N = 2.0000004840    
          max. resid. norm for Fia-block=  8.792D-06 for orbital      1a         
          max. resid. fock norm         =  8.792D-06 for orbital      1a         

 convergence criteria satisfied after     6 iterations


   *************************************************************************
   dscf                                                                     
   *************************************************************************


                  ------------------------------------------ 
                 |  total energy      =     -1.15588701593  |
                  ------------------------------------------ 
                 :  kinetic energy    =      1.19408796308  :
                 :  potential energy  =     -2.34997497901  :
                 :  virial theorem    =      2.03304903214  :
                 :  wavefunction norm =      1.00000000000  :
                  .......................................... 


 <geterg> : there is no data group $energy 


 <skperg> : $end is missing 


 orbitals $scfmo  will be written to file mos

    irrep                  1a          2a          3a          4a   
 eigenvalues H         -0.40214     0.08583     0.29689     0.84559
            eV         -10.9429      2.3356      8.0788     23.0098
 occupation              2.0000
 
 
 
 
 ==============================================================================
                           electrostatic moments
 ==============================================================================

 reference point for electrostatic moments:    0.00000   0.00000   0.00000

 
              nuc           elec       ->  total
 ------------------------------------------------------------------------------
                          charge      
 ------------------------------------------------------------------------------
           2.000000      -2.000000      -0.000000
 
 ------------------------------------------------------------------------------
                       dipole moment  
 ------------------------------------------------------------------------------
   x       0.000000       0.000000       0.000000
   y       0.000000       0.000000       0.000000
   z       0.000000       0.000000       0.000000
 
   | dipole moment | =     0.0000 a.u. =     0.0000 debye 
 
 ------------------------------------------------------------------------------
                     quadrupole moment
 ------------------------------------------------------------------------------
  xx       0.000000      -1.355144      -1.355144
  yy       0.000000      -1.355144      -1.355144
  zz       0.731354      -1.835227      -1.103873
  xy       0.000000       0.000000       0.000000
  xz       0.000000       0.000000       0.000000
  yz       0.000000       0.000000       0.000000
 
     1/3  trace=      -1.271387
     anisotropy=       0.251271
 
 ==============================================================================
 
HOMO-LUMO Separation
 HOMO         :   -0.40214206 H =    -10.94285 eV
 LUMO         :    0.08583053 H =     +2.33557 eV
 HOMO-LUMO gap:    0.48797258 H =    +13.27842 eV
 
 ==============================================================================


    ------------------------------------------------------------------------
         total  cpu-time :   0.02 seconds
         total wall-time :   0.02 seconds
    ------------------------------------------------------------------------

   ****  dscf : all done  ****


    2021-12-20 15:19:58.055 

