
 dscf (fedora) : TURBOMOLE rev. V7.5.1 compiled 23 Dec 2020 at 11:32:14
 Copyright (C) 2020 TURBOMOLE GmbH, Karlsruhe


    2021-12-20 15:19:57.817 



                             d s c f - program

                   idea & directorship : reinhart ahlrichs
                   program development : marco haeser
                                         michael baer
                           dft version : oliver treutler


                          quantum chemistry group
                          universitaet  karlsruhe
                                  germany



   *-----------------------------------------------------------------------*
   |                     program will use  1 thread(s)                     |
   *-----------------------------------------------------------------------*


              +--------------------------------------------------+
              | Atomic coordinate, charge and isotop information |
              +--------------------------------------------------+

                    atomic coordinates            atom    charge  isotop
          0.00000000    0.00000000   -0.74644182    h      1.000     0
          0.00000000    0.00000000    0.74644182    h      1.000     0
 
       center of nuclear mass  :    0.00000000    0.00000000    0.00000000
       center of nuclear charge:    0.00000000    0.00000000    0.00000000

   *************************************************************************
   dscf                                                                     
   *************************************************************************



              +--------------------------------------------------+
              |               basis set information              |
              +--------------------------------------------------+

              we will work with the 1s 3p 5d 7f 9g ... basis set
              ...i.e. with spherical basis functions...

   type   atoms  prim   cont   basis
   ---------------------------------------------------------------------------
    h        2      4      2   def-SV(P)   [2s|4s]
   ---------------------------------------------------------------------------
   total:    2      8      4
   ---------------------------------------------------------------------------

   total number of primitive shells          :    4
   total number of contracted shells         :    4
   total number of cartesian basis functions :    4
   total number of SCF-basis functions       :    4


 integral neglect threshold       :  0.83E-09
 integral storage threshold THIZE :  0.10E-04
 integral storage threshold THIME :         5


 symmetry group of the molecule :   c1 

 the group has the following generators :
   c1(z)

    1 symmetry operations found

 there are 1 real representations :   a   

 maximum number of shells which are related by symmetry :  1

  
           ------------------
           density functional
           ------------------
 B-P86 functional
 exchange:    LDA + Becke (B88)
 correlation: LDA (VWN) + Perdew (P86)

 iterations will be done with small grid
  
 spherical integration : Lebedev's spherical grid
 spherical gridsize    :                     3
    i.e. gridpoints    :                   302
 value for diffuse not defined
 radial integration    : Chebyshev 2nd kind (scaling 3)
 radial gridsize       :                     3
 integration cells     :                     2
 partition function    : becke
 partition sharpness   :                     3
  

          ------------------------
          nuclear repulsion energy  :  0.669844570763    
          ------------------------


         -----------------
         -S,T+V- integrals
         -----------------

 1e-integrals will be neglected if expon. factor < 0.835490E-10
 
   Difference densities algorithm switched on.
   The maximal number of linear combinations of
   difference densities is                    20 .

 DIIS switched on: error vector is FDS-SDF
 Max. Iterations for DIIS is     :   4
 DIIS matrix (see manual) 
    Scaling factor of diagonals  :  1.200
    threshold for scaling factor :  0.000

 scf convergence criterion : increment of total energy < .1000000D-06
                  and increment of one-electron energy < .1000000D-03

 MOs are in ASCII format !


    mo occupation :
   irrep   mo's   occupied
    a        4        1
 
 number of basis functions   :     4
 number of occupied orbitals :     1
 

 reading orbital data $scfmo  from file mos
 orbital characterization : expanded
 virtual MOs provided and orthogonalized by Cholesky decomposition

 automatic virtual orbital shift switched on 
      shift if e(lumo)-e(homo) < 0.10000000    


 DSCF restart information will be dumped onto file mos

          Overall gridpoints after grid construction =          1700
 
                                              current damping :  0.300
 ITERATION  ENERGY          1e-ENERGY        2e-ENERGY     NORM[dD(SAO)]  TOL
   1  -1.1388321950502    -2.3260613821    0.51738461630    0.000D+00 0.833D-09
                            Exc =    -0.603810655606     N = 1.9999080043    
          max. resid. norm for Fia-block=  1.163D-01 for orbital      1a         
          max. resid. fock norm         =  1.957D-01 for orbital      2a         
          Delta Eig. =    41.7656752617 eV 
 
                                              current damping :  0.250
 ITERATION  ENERGY          1e-ENERGY        2e-ENERGY     NORM[dD(SAO)]  TOL
   2  -1.1644577219699    -2.3961252556    0.56182296285    0.168D+00 0.501D-09
                            Exc =    -0.651756933692     N = 1.9998810554    
          Norm of current diis error: 0.11020    
          max. resid. norm for Fia-block=  4.132D-02 for orbital      1a         
          max. resid. fock norm         =  4.132D-02 for orbital      1a         
          Delta Eig. =     9.2709206152 eV 
 
                                              current damping :  0.100
 ITERATION  ENERGY          1e-ENERGY        2e-ENERGY     NORM[dD(SAO)]  TOL
   3  -1.1693777116202    -2.4251636922    0.58594140982    0.165D-01 0.384D-09
                            Exc =    -0.677913949419     N = 1.9998704703    
          Norm of current diis error: 0.25839E-01
          max. resid. norm for Fia-block=  9.262D-03 for orbital      1a         
          max. resid. fock norm         =  9.262D-03 for orbital      1a         
          Delta Eig. =     1.9695803473 eV 
 
                                              current damping :  0.100
 ITERATION  ENERGY          1e-ENERGY        2e-ENERGY     NORM[dD(SAO)]  TOL
   4  -1.1696659311967    -2.4322824942    0.59277199227    0.368D-15 0.346D-09
                            Exc =    -0.685349186555     N = 1.9998679720    
          Norm of current diis error: 0.21787E-02
          max. resid. norm for Fia-block=  7.754D-04 for orbital      1a         
          max. resid. fock norm         =  7.754D-04 for orbital      1a         
          Delta Eig. =     0.1668383305 eV 
 
                                              current damping :  0.100
 ITERATION  ENERGY          1e-ENERGY        2e-ENERGY     NORM[dD(SAO)]  TOL
   5  -1.1696679901216    -2.4328615263    0.59334896544    0.206D-15 0.344D-09
                            Exc =    -0.685977886925     N = 1.9998677710    
          Norm of current diis error: 0.18447E-03
          max. resid. norm for Fia-block=  6.595D-05 for orbital      1a         
          max. resid. fock norm         =  6.595D-05 for orbital      1a         
 mo-orthogonalization: Cholesky decomposition
          Delta Eig. =     0.0146147508 eV 

 ENERGY CONVERGED !

 Evaluating v_xc on big grid 
          Overall gridpoints after grid construction =          7420
 
                                              current damping :  0.100
 ITERATION  ENERGY          1e-ENERGY        2e-ENERGY     NORM[dD(SAO)]  TOL
   6  -1.1697085557668    -2.4329106521    0.59335752553    0.489D-15 0.251D-09
                            Exc =    -0.686071956555     N = 2.0000004563    
          max. resid. norm for Fia-block=  6.371D-06 for orbital      1a         
          max. resid. fock norm         =  6.371D-06 for orbital      1a         

 convergence criteria satisfied after     6 iterations


   *************************************************************************
   dscf                                                                     
   *************************************************************************


                  ------------------------------------------ 
                 |  total energy      =     -1.16970855577  |
                  ------------------------------------------ 
                 :  kinetic energy    =      1.06689374186  :
                 :  potential energy  =     -2.23660229763  :
                 :  virial theorem    =      1.91210219555  :
                 :  wavefunction norm =      1.00000000000  :
                  .......................................... 


 <geterg> : there is no data group $energy 


 <skperg> : $end is missing 


 orbitals $scfmo  will be written to file mos

    irrep                  1a          2a          3a          4a   
 eigenvalues H         -0.37528     0.04534     0.32265     0.69507
            eV         -10.2120      1.2337      8.7797     18.9141
 occupation              2.0000
 
 
 
 
 ==============================================================================
                           electrostatic moments
 ==============================================================================

 reference point for electrostatic moments:    0.00000   0.00000   0.00000

 
              nuc           elec       ->  total
 ------------------------------------------------------------------------------
                          charge      
 ------------------------------------------------------------------------------
           2.000000      -2.000000      -0.000000
 
 ------------------------------------------------------------------------------
                       dipole moment  
 ------------------------------------------------------------------------------
   x       0.000000       0.000000       0.000000
   y       0.000000       0.000000       0.000000
   z       0.000000       0.000000       0.000000
 
   | dipole moment | =     0.0000 a.u. =     0.0000 debye 
 
 ------------------------------------------------------------------------------
                     quadrupole moment
 ------------------------------------------------------------------------------
  xx       0.000000      -1.516091      -1.516091
  yy       0.000000      -1.516091      -1.516091
  zz       1.114351      -2.275595      -1.161245
  xy       0.000000       0.000000       0.000000
  xz       0.000000       0.000000       0.000000
  yz       0.000000       0.000000       0.000000
 
     1/3  trace=      -1.397809
     anisotropy=       0.354846
 
 ==============================================================================
 
HOMO-LUMO Separation
 HOMO         :   -0.37528063 H =    -10.21191 eV
 LUMO         :    0.04533664 H =     +1.23367 eV
 HOMO-LUMO gap:    0.42061726 H =    +11.44558 eV
 
 ==============================================================================


    ------------------------------------------------------------------------
         total  cpu-time :   0.02 seconds
         total wall-time :   0.02 seconds
    ------------------------------------------------------------------------

   ****  dscf : all done  ****


    2021-12-20 15:19:57.837 

