OPTIMIZATION CYCLE 1
OPTIMIZATION CYCLE 2
OPTIMIZATION CYCLE 3
OPTIMIZATION CYCLE 4
OPTIMIZATION CYCLE 5
OPTIMIZATION CYCLE 6
OPTIMIZATION CYCLE 7
OPTIMIZATION CYCLE 8
OPTIMIZATION CYCLE 9
OPTIMIZATION CYCLE 10
OPTIMIZATION CYCLE 11
OPTIMIZATION CYCLE 12
OPTIMIZATION CYCLE 13
