
 ridft (fedora) : TURBOMOLE rev. V7.5.1 compiled 23 Dec 2020 at 11:32:14
 Copyright (C) 2020 TURBOMOLE GmbH, Karlsruhe


    2021-12-20 14:42:25.439 



                                  r i d f t

                        DFT program with RI approximation 
                                for coulomb part 




                                                 
                                 References:     
                                                 
          TURBOMOLE:                             
              R. Ahlrichs, M. Baer, M. Haeser, H. Horn, and
              C. Koelmel
              Electronic structure calculations on workstation
              computers: the program system TURBOMOLE
              Chem. Phys. Lett. 162: 165 (1989)
          Density Functional:                              
              O. Treutler and R. Ahlrichs                      
              Efficient Molecular Numerical Integration Schemes
              J. Chem. Phys. 102: 346 (1995)                   
          Parallel Version:                                
              Performance of parallel TURBOMOLE for Density    
              Functional Calculations                          
              M. v. Arnim and R. Ahlrichs                      
              J. Comp. Chem. 19: 1746 (1998)                   
          RI-J Method:                                     
              Auxiliary Basis Sets to approximate Coulomb      
              Potentials                                       
              Chem. Phys. Lett. 240: 283 (1995)                
              K. Eichkorn, O. Treutler, H. Oehm, M. Haeser     
              and R. Ahlrichs                                  
              Chem. Phys. Lett. 242: 652 (1995)                
                                                           
              Auxiliary Basis Sets for Main Row Atoms and their
              Use to approximate Coulomb Potentials            
              K. Eichkorn, F. Weigend, O. Treutler and         
              R. Ahlrichs                                      
              Theo. Chem. Acc. 97: 119 (1997)                   
                                                           
              Accurate Coulomb-fitting basis sets for H to Rn 
              F. Weigend                                        
              Phys. Chem. Chem. Phys. 8: 1057 (2006)            
                                                           
          Multipole accelerated RI-J (MARI-J):             
              Fast evaluation of the Coulomb potential for     
              electron densities using multipole accelerated   
              resolution of identity approximation             
              M. Sierka, A. Hogekamp and R. Ahlrichs           
              J. Chem. Phys. 118: 9136 (2003)                  
          RI-JK Method:                                     
              A fully direct RI-HF algorithm: Implementation,
              optimised auxiliary basis sets, demonstration of
              accuracy and efficiency                         
              F. Weigend                                      
              Phys. Chem. Chem. Phys. 4: 4285 (2002)           
          Two-component HF and DFT with spin-orbit coupling:  
              Self-consistent treatment of spin-orbit         
              interactions with efficient Hartree-Fock and    
              density functional methods                      
              M. K. Armbruster, F. Weigend, C. van WÃ¼llen and 
              W. Klopper                                      
              Phys. Chem. Chem. Phys. 10: 1748 (2008)         
          Two-component difference density and DIIS algorithm 
              Efficient two-component self-consistent field   
              procedures and gradients: implementation in     
              TURBOMOLE and application to Au20-              
              A. Baldes, F. Weigend                           
              Mol. Phys. 111: 2617 (2013)                     
          Relativistic all-electron 2c calculations           
              An efficient implementation of two-component    
              relativistic exact-decoupling methods for large 
              molecules                                       
              D. Peng, N. Middendorf, F. Weigend, M. Reiher   
              J. Chem. Phys. 138: 184105 (2013)               
          Finite nucleus model and SNSO approximation         
              Efficient implementation of one- and two-       
              component analytical energy gradients in exact  
              two-component theory                            
              Y. J. Franzke, N. Middendorf, F. Weigend        
              J. Chem. Phys. 148: 104110 (2018)               
          Grids for all-electron relativistic methods         
              Error-consistent segmented contracted all-      
              electron relativistic basis sets of double-     
              and triple-zeta quality for NMR shielding       
              constants                                       
              Y. J. Franzke, R. Tress, T. M. Pazdera,         
              F. Weigend                                      
              Phys. Chem. Chem. Phys. 21: 166658 (2019)       
          Seminumerical exchange algorithms                   
              Seminumerical calculation of the Hartree-Fock   
              exchange matirx: Application to two-component   
              procedures and efficient evaluation of local    
              hybrid functionsl                               
              P. Plessow, F. Weigend,                         
              J. Comput. Chem. 33: 810 (2012)                 
          Improved seminumerical algorithms                   
              C. Holzer,                                      
              J. Chem. Phys. 153 (2020), 184115               
                                         




              +--------------------------------------------------+
              |      general information about current run       |
              +--------------------------------------------------+

 

 DENSITY CONVERGENCE CHECK SWITCHED ON !
 SCF CONVERGENCE IF RMS(delta[D]) <     0.1000000000E-06

 A HF calculation using the RI-JK approximation will be carried out.
 Allocatable memory for RI due to $ricore (MB):                   500

   *************************************************************************
   ridft_rimp2                                                              
   *************************************************************************




              +--------------------------------------------------+
              | Atomic coordinate, charge and isotop information |
              +--------------------------------------------------+

                    atomic coordinates            atom    charge  isotop
          0.00000000    0.00000000   -0.65195551    h      1.000     0
          0.00000000    0.00000000    0.65195551    h      1.000     0
 
       center of nuclear mass  :    0.00000000    0.00000000    0.00000000
       center of nuclear charge:    0.00000000    0.00000000    0.00000000

              +--------------------------------------------------+
              |               basis set information              |
              +--------------------------------------------------+

              we will work with the 1s 3p 5d 7f 9g ... basis set
              ...i.e. with spherical basis functions...

   type   atoms  prim   cont   basis
   ---------------------------------------------------------------------------
    h        2      4      2   def-SV(P)   [2s|4s]
   ---------------------------------------------------------------------------
   total:    2      8      4
   ---------------------------------------------------------------------------

   total number of primitive shells          :    4
   total number of contracted shells         :    4
   total number of cartesian basis functions :    4
   total number of SCF-basis functions       :    4


 integral neglect threshold       :  0.83E-09
 integral storage threshold THIZE :  0.10E-04
 integral storage threshold THIME :         5

 RI-JK AUXILIARY BASIS SET information:

              we will work with the 1s 3p 5d 7f 9g ... basis set
              ...i.e. with spherical basis functions...

   type   atoms  prim   cont   basis
   ---------------------------------------------------------------------------
    h        2     20     18   def-SV(P)   [2s2p2d|4s2p2d]
   ---------------------------------------------------------------------------
   total:    2     40     36
   ---------------------------------------------------------------------------

   total number of primitive shells          :    8
   total number of contracted shells         :   12
   total number of cartesian basis functions :   40
   total number of SCF-basis functions       :   36


 symmetry group of the molecule :   c1 

 the group has the following generators :
   c1(z)

    1 symmetry operations found

 there are 1 real representations :   a   

 maximum number of shells which are related by symmetry :  1


 biggest AO integral is expected to be     0.897141357

          ------------------------
          nuclear repulsion energy  :  0.766923494062    
          ------------------------


         -----------------
         -S,T+V- integrals
         -----------------

 1e-integrals will be neglected if expon. factor < 0.835490E-10
 
   Difference densities algorithm switched on.
   The maximal number of linear combinations of
   difference densities is                    20 .

 DIIS switched on: error vector is FDS-SDF
 Max. Iterations for DIIS is     :   5
 DIIS matrix (see manual) 
    Scaling factor of diagonals  :  1.200
    threshold for scaling factor :  0.000

 scf convergence criterion : increment of total energy < .1000000D-06
                  and increment of one-electron energy < .1000000D-03

 MOs are in ASCII format !


    mo occupation :
   irrep   mo's   occupied
    a        4        1
 
 number of basis functions   :     4
 number of occupied orbitals :     1
 

 reading orbital data $scfmo  from file mos
 orbital characterization : expanded
 virtual MOs provided and orthogonalized by Cholesky decomposition

 automatic virtual orbital shift switched on 
      shift if e(lumo)-e(homo) < 0.10000000    

  
           ------------------------
               RI-JK - INFORMATION
           ------------------------
 Contributions to RI integral batches: 
  neglected integral batches:                     0
  direct contribution:                            0
  memory contribution:                    10
 Memory core needed for (P|Q) and Cholesky      1 MByte
 Memory core minimum needed except of (P|Q)     1 MByte
 Total minimum memory core needed (sum)         1 MByte
  
 ****************************************
 Memory allocated for RI-J     1 MByte
 ****************************************
                                            
 total memory allocated for calculation of  (Q|P)**(-1/2) :    1 MiB

  forming (P|Q)**(-1/2) 
 eigenvalues of original matrix 
 smallest =0.6522909351077E-03  largest = 3.682797553611    
  The symmetry information takes                      1  MB

 DSCF restart information will be dumped onto file mos


 Starting SCF iterations

 
 BLOCKING OF MOS FOR RI-K
 
 
 occupied MOs partitioned into blocks of maximum length 1
 this requires 1 MiB core memory.
 
            MULTIPLE PASS Statistics 
 ----------------------------------------------------
  pass       irrep     lambda      batch : MO  to  MO
 ----------------------------------------------------
   1       1  ->  1    1  ->  1             1  ->   1



 ITERATION  ENERGY          1e-ENERGY        2e-ENERGY     RMS[dD(SAO)]   TOL
   1  -1.0781580119893    -2.4178169240    0.57273541794    0.000D+00 0.833D-09
                           RI-K =-0.572735417938     Coul =  1.14547083588    
                            current damping = 0.300
 
          max. resid. norm for Fia-block=  1.396D-01 for orbital      1a         
          max. resid. fock norm         =  2.887D-01 for orbital      3a         

 ITERATION  ENERGY          1e-ENERGY        2e-ENERGY     RMS[dD(SAO)]   TOL
   2  -1.1099980236896    -2.4960955073    0.61917398954    0.454D-01 0.504D-09
                           RI-K =-0.619173989540     Coul =  1.23834797908    
                            current damping = 0.250
 
          Norm of current diis error: 0.17586    
          max. resid. norm for Fia-block=  8.033D-02 for orbital      1a         
          max. resid. fock norm         =  8.033D-02 for orbital      1a         

 ITERATION  ENERGY          1e-ENERGY        2e-ENERGY     RMS[dD(SAO)]   TOL
   3  -1.1206706900388    -2.5419354267    0.65434124261    0.359D-01 0.366D-09
                           RI-K =-0.654341242608     Coul =  1.30868248522    
                            current damping = 0.100
 
          Norm of current diis error: 0.55694E-01
          max. resid. norm for Fia-block=  2.717D-02 for orbital      1a         
          max. resid. fock norm         =  2.717D-02 for orbital      1a         

 ITERATION  ENERGY          1e-ENERGY        2e-ENERGY     RMS[dD(SAO)]   TOL
   4  -1.1218567118707    -2.5574117593    0.66863155338    0.153D-01 0.319D-09
                           RI-K =-0.668631553382     Coul =  1.33726310676    
                            current damping = 0.100
 
          Norm of current diis error: 0.74100E-02
          max. resid. norm for Fia-block=  3.694D-03 for orbital      1a         
          max. resid. fock norm         =  3.694D-03 for orbital      1a         

 ITERATION  ENERGY          1e-ENERGY        2e-ENERGY     RMS[dD(SAO)]   TOL
   5  -1.1218779820084    -2.5593828240    0.67058134795    0.213D-02 0.311D-09
                           RI-K =-0.670581347952     Coul =  1.34116269590    
                            current damping = 0.100
 
          Norm of current diis error: 0.84362E-03
          max. resid. norm for Fia-block=  4.236D-04 for orbital      1a         
          max. resid. fock norm         =  4.236D-04 for orbital      1a         
          mo-orthogonalization: Cholesky decomposition

 ITERATION  ENERGY          1e-ENERGY        2e-ENERGY     RMS[dD(SAO)]   TOL
   6  -1.1218782584261    -2.5596067232    0.67080497074    0.245D-03 0.293D-09
                           RI-K =-0.670804970745     Coul =  1.34160994149    
                            current damping = 0.100
 
          Norm of current diis error: 0.90832E-04
          max. resid. norm for Fia-block=  4.584D-05 for orbital      1a         
          max. resid. fock norm         =  4.584D-05 for orbital      1a         

 ITERATION  ENERGY          1e-ENERGY        2e-ENERGY     RMS[dD(SAO)]   TOL
   7  -1.1218782616341    -2.5596309277    0.67082917201    0.265D-04 0.295D-09
                           RI-K =-0.670829172008     Coul =  1.34165834402    
                            current damping = 0.100
 
          Norm of current diis error: 0.93660E-05
          max. resid. norm for Fia-block=  4.740D-06 for orbital      1a         
          max. resid. fock norm         =  4.740D-06 for orbital      1a         
Subroutine ddmat can not establish optimal linear combination of delta densities !
 Next fock matrix will be calculated from scratch !

 ENERGY & DENSITY CONVERGED !


 ITERATION  ENERGY          1e-ENERGY        2e-ENERGY     RMS[dD(SAO)]   TOL
   8  -1.1218782616682    -2.5596334301    0.67083167440    0.274D-05 0.833D-09
                           RI-K =-0.670831674399     Coul =  1.34166334880    
                            current damping = 0.100
 
          Norm of current diis error: 0.94253E-06
          max. resid. norm for Fia-block=  4.774D-07 for orbital      1a         
          max. resid. fock norm         =  4.774D-07 for orbital      1a         

 End of SCF iterations

   convergence criteria satisfied after     8 iterations


   *************************************************************************
   ridft_rimp2                                                              
   *************************************************************************


                  ------------------------------------------ 
                 |  total energy      =     -1.12187826167  |
                  ------------------------------------------ 
                 :  kinetic energy    =      1.13942987775  :
                 :  potential energy  =     -2.26130813942  :
                 :  virial theorem    =      2.01564484907  :
                 :  wavefunction norm =      1.00000000000  :
                  .......................................... 


 <geterg> : there is no data group $energy 


 <skperg> : $end is missing 


 orbitals $scfmo  will be written to file mos

    irrep                  1a          2a          3a          4a   
 eigenvalues H         -0.60898     0.20701     0.46646     1.09481
            eV         -16.5715      5.6331     12.6931     29.7915
 occupation              2.0000
 
 
 
 
 ==============================================================================
                           electrostatic moments
 ==============================================================================

 reference point for electrostatic moments:    0.00000   0.00000   0.00000

 
              nuc           elec       ->  total
 ------------------------------------------------------------------------------
                          charge      
 ------------------------------------------------------------------------------
           2.000000      -2.000000       0.000000
 
 ------------------------------------------------------------------------------
                       dipole moment  
 ------------------------------------------------------------------------------
   x       0.000000       0.000000       0.000000
   y       0.000000       0.000000       0.000000
   z       0.000000      -0.000000      -0.000000
 
   | dipole moment | =     0.0000 a.u. =     0.0000 debye 
 
 ------------------------------------------------------------------------------
                     quadrupole moment
 ------------------------------------------------------------------------------
  xx       0.000000      -1.422781      -1.422781
  yy       0.000000      -1.422781      -1.422781
  zz       0.850092      -1.987952      -1.137860
  xy       0.000000       0.000000       0.000000
  xz       0.000000       0.000000       0.000000
  yz       0.000000       0.000000       0.000000
 
     1/3  trace=      -1.327807
     anisotropy=       0.284921
 
 ==============================================================================
 
HOMO-LUMO Separation
 HOMO         :   -0.60898491 H =    -16.57133 eV
 LUMO         :    0.20700940 H =     +5.63302 eV
 HOMO-LUMO gap:    0.81599431 H =    +22.20435 eV
 
 ==============================================================================


    ------------------------------------------------------------------------
         total  cpu-time :   0.03 seconds
         total wall-time :   0.03 seconds
    ------------------------------------------------------------------------

   ****  ridft : all done  ****


    2021-12-20 14:42:25.459 

