
 dscf (fedora) : TURBOMOLE rev. V7.5.1 compiled 23 Dec 2020 at 11:32:14
 Copyright (C) 2020 TURBOMOLE GmbH, Karlsruhe


    2021-12-20 15:19:58.106 



                             d s c f - program

                   idea & directorship : reinhart ahlrichs
                   program development : marco haeser
                                         michael baer
                           dft version : oliver treutler


                          quantum chemistry group
                          universitaet  karlsruhe
                                  germany



   *-----------------------------------------------------------------------*
   |                     program will use  1 thread(s)                     |
   *-----------------------------------------------------------------------*


              +--------------------------------------------------+
              | Atomic coordinate, charge and isotop information |
              +--------------------------------------------------+

                    atomic coordinates            atom    charge  isotop
          0.00000000    0.00000000   -0.55746921    h      1.000     0
          0.00000000    0.00000000    0.55746921    h      1.000     0
 
       center of nuclear mass  :    0.00000000    0.00000000    0.00000000
       center of nuclear charge:    0.00000000    0.00000000    0.00000000

   *************************************************************************
   dscf                                                                     
   *************************************************************************



              +--------------------------------------------------+
              |               basis set information              |
              +--------------------------------------------------+

              we will work with the 1s 3p 5d 7f 9g ... basis set
              ...i.e. with spherical basis functions...

   type   atoms  prim   cont   basis
   ---------------------------------------------------------------------------
    h        2      4      2   def-SV(P)   [2s|4s]
   ---------------------------------------------------------------------------
   total:    2      8      4
   ---------------------------------------------------------------------------

   total number of primitive shells          :    4
   total number of contracted shells         :    4
   total number of cartesian basis functions :    4
   total number of SCF-basis functions       :    4


 integral neglect threshold       :  0.83E-09
 integral storage threshold THIZE :  0.10E-04
 integral storage threshold THIME :         5


 symmetry group of the molecule :   c1 

 the group has the following generators :
   c1(z)

    1 symmetry operations found

 there are 1 real representations :   a   

 maximum number of shells which are related by symmetry :  1

  
           ------------------
           density functional
           ------------------
 B-P86 functional
 exchange:    LDA + Becke (B88)
 correlation: LDA (VWN) + Perdew (P86)

 iterations will be done with small grid
  
 spherical integration : Lebedev's spherical grid
 spherical gridsize    :                     3
    i.e. gridpoints    :                   302
 value for diffuse not defined
 radial integration    : Chebyshev 2nd kind (scaling 3)
 radial gridsize       :                     3
 integration cells     :                     2
 partition function    : becke
 partition sharpness   :                     3
  

          ------------------------
          nuclear repulsion energy  :  0.896910526954    
          ------------------------


         -----------------
         -S,T+V- integrals
         -----------------

 1e-integrals will be neglected if expon. factor < 0.835490E-10
 
   Difference densities algorithm switched on.
   The maximal number of linear combinations of
   difference densities is                    20 .

 DIIS switched on: error vector is FDS-SDF
 Max. Iterations for DIIS is     :   4
 DIIS matrix (see manual) 
    Scaling factor of diagonals  :  1.200
    threshold for scaling factor :  0.000

 scf convergence criterion : increment of total energy < .1000000D-06
                  and increment of one-electron energy < .1000000D-03

 MOs are in ASCII format !


    mo occupation :
   irrep   mo's   occupied
    a        4        1
 
 number of basis functions   :     4
 number of occupied orbitals :     1
 

 reading orbital data $scfmo  from file mos
 orbital characterization : expanded
 virtual MOs provided and orthogonalized by Cholesky decomposition

 automatic virtual orbital shift switched on 
      shift if e(lumo)-e(homo) < 0.10000000    


 DSCF restart information will be dumped onto file mos

          Overall gridpoints after grid construction =          1698
 
                                              current damping :  0.300
 ITERATION  ENERGY          1e-ENERGY        2e-ENERGY     NORM[dD(SAO)]  TOL
   1  -1.0734001203864    -2.5146167446    0.54430609723    0.000D+00 0.833D-09
                            Exc =    -0.624685011963     N = 2.0000699956    
          max. resid. norm for Fia-block=  1.729D-01 for orbital      1a         
          max. resid. fock norm         =  2.829D-01 for orbital      2a         
          Delta Eig. =    40.9588827815 eV 
 
                                              current damping :  0.250
 ITERATION  ENERGY          1e-ENERGY        2e-ENERGY     NORM[dD(SAO)]  TOL
   2  -1.1293192455997    -2.6459745936    0.61974482102    0.231D+00 0.495D-09
                            Exc =    -0.700702977036     N = 2.0000319531    
          Norm of current diis error: 0.17034    
          max. resid. norm for Fia-block=  5.726D-02 for orbital      1a         
          max. resid. fock norm         =  5.726D-02 for orbital      1a         
          Delta Eig. =     8.7879809971 eV 
 
                                              current damping :  0.100
 ITERATION  ENERGY          1e-ENERGY        2e-ENERGY     NORM[dD(SAO)]  TOL
   3  -1.1389331016974    -2.6935050849    0.65766145620    0.291D-01 0.385D-09
                            Exc =    -0.738817230525     N = 2.0000141604    
          Norm of current diis error: 0.39991E-01
          max. resid. norm for Fia-block=  1.293D-02 for orbital      1a         
          max. resid. fock norm         =  1.293D-02 for orbital      1a         
          Delta Eig. =     1.8255878693 eV 
 
                                              current damping :  0.100
 ITERATION  ENERGY          1e-ENERGY        2e-ENERGY     NORM[dD(SAO)]  TOL
   4  -1.1395026212002    -2.7047668159    0.66835366775    0.374D-15 0.347D-09
                            Exc =    -0.749584196486     N = 2.0000092629    
          Norm of current diis error: 0.35242E-02
          max. resid. norm for Fia-block=  1.136D-03 for orbital      1a         
          max. resid. fock norm         =  1.136D-03 for orbital      1a         
          Delta Eig. =     0.1511793551 eV 
 
                                              current damping :  0.100
 ITERATION  ENERGY          1e-ENERGY        2e-ENERGY     NORM[dD(SAO)]  TOL
   5  -1.1395070792999    -2.7057150801    0.66929747389    0.150D-14 0.229D-09
                            Exc =    -0.750535256987     N = 2.0000088328    
          Norm of current diis error: 0.30914E-03
          max. resid. norm for Fia-block=  1.004D-04 for orbital      1a         
          max. resid. fock norm         =  1.004D-04 for orbital      1a         
 mo-orthogonalization: Cholesky decomposition
          Delta Eig. =     0.0131085709 eV 

 ENERGY CONVERGED !

 Evaluating v_xc on big grid 
          Overall gridpoints after grid construction =          7418
 
                                              current damping :  0.100
 ITERATION  ENERGY          1e-ENERGY        2e-ENERGY     NORM[dD(SAO)]  TOL
   6  -1.1395060408311    -2.7057985725    0.66938200473    0.247D-15 0.335D-09
                            Exc =    -0.750618289190     N = 2.0000001775    
          max. resid. norm for Fia-block=  9.843D-06 for orbital      1a         
          max. resid. fock norm         =  9.843D-06 for orbital      1a         

 convergence criteria satisfied after     6 iterations


   *************************************************************************
   dscf                                                                     
   *************************************************************************


                  ------------------------------------------ 
                 |  total energy      =     -1.13950604083  |
                  ------------------------------------------ 
                 :  kinetic energy    =      1.24536811297  :
                 :  potential energy  =     -2.38487415380  :
                 :  virial theorem    =      2.09290172087  :
                 :  wavefunction norm =      1.00000000000  :
                  .......................................... 


 <geterg> : there is no data group $energy 


 <skperg> : $end is missing 


 orbitals $scfmo  will be written to file mos

    irrep                  1a          2a          3a          4a   
 eigenvalues H         -0.41270     0.09866     0.28923     0.91005
            eV         -11.2303      2.6847      7.8704     24.7639
 occupation              2.0000
 
 
 
 
 ==============================================================================
                           electrostatic moments
 ==============================================================================

 reference point for electrostatic moments:    0.00000   0.00000   0.00000

 
              nuc           elec       ->  total
 ------------------------------------------------------------------------------
                          charge      
 ------------------------------------------------------------------------------
           2.000000      -2.000000       0.000000
 
 ------------------------------------------------------------------------------
                       dipole moment  
 ------------------------------------------------------------------------------
   x       0.000000       0.000000       0.000000
   y       0.000000       0.000000       0.000000
   z       0.000000      -0.000000      -0.000000
 
   | dipole moment | =     0.0000 a.u. =     0.0000 debye 
 
 ------------------------------------------------------------------------------
                     quadrupole moment
 ------------------------------------------------------------------------------
  xx       0.000000      -1.300191      -1.300191
  yy       0.000000      -1.300191      -1.300191
  zz       0.621544      -1.702692      -1.081148
  xy       0.000000       0.000000       0.000000
  xz       0.000000       0.000000       0.000000
  yz       0.000000       0.000000       0.000000
 
     1/3  trace=      -1.227177
     anisotropy=       0.219042
 
 ==============================================================================
 
HOMO-LUMO Separation
 HOMO         :   -0.41270227 H =    -11.23021 eV
 LUMO         :    0.09866099 H =     +2.68470 eV
 HOMO-LUMO gap:    0.51136326 H =    +13.91491 eV
 
 ==============================================================================


    ------------------------------------------------------------------------
         total  cpu-time :   0.02 seconds
         total wall-time :   0.03 seconds
    ------------------------------------------------------------------------

   ****  dscf : all done  ****


    2021-12-20 15:19:58.126 

