
 ridft (fedora) : TURBOMOLE rev. V7.4.1 (b987a8a8) compiled 15 Oct 2019 at 12:03:25
 Copyright (C) 2019 TURBOMOLE GmbH, Karlsruhe


    2021-07-08 17:16:38.578



                                  r i d f t

                        DFT program with RI approximation
                                for coulomb part





                                 References:

          TURBOMOLE:
              R. Ahlrichs, M. Baer, M. Haeser, H. Horn, and
              C. Koelmel
              Electronic structure calculations on workstation
              computers: the program system TURBOMOLE
              Chem. Phys. Lett. 162: 165 (1989)
          Density Functional:
              O. Treutler and R. Ahlrichs
              Efficient Molecular Numerical Integration Schemes
              J. Chem. Phys. 102: 346 (1995)
          Parallel Version:
              Performance of parallel TURBOMOLE for Density
              Functional Calculations
              M. v. Arnim and R. Ahlrichs
              J. Comp. Chem. 19: 1746 (1998)
          RI-J Method:
              Auxiliary Basis Sets to approximate Coulomb
              Potentials
              Chem. Phys. Lett. 240: 283 (1995)
              K. Eichkorn, O. Treutler, H. Oehm, M. Haeser
              and R. Ahlrichs
              Chem. Phys. Lett. 242: 652 (1995)

              Auxiliary Basis Sets for Main Row Atoms and their
              Use to approximate Coulomb Potentials
              K. Eichkorn, F. Weigend, O. Treutler and
              R. Ahlrichs
              Theo. Chem. Acc. 97: 119 (1997)

              Accurate Coulomb-fitting basis sets for H to Rn
              F. Weigend
              Phys. Chem. Chem. Phys. 8: 1057 (2006)

          Multipole accelerated RI-J (MARI-J):
              Fast evaluation of the Coulomb potential for
              electron densities using multipole accelerated
              resolution of identity approximation
              M. Sierka, A. Hogekamp and R. Ahlrichs
              J. Chem. Phys. 118: 9136 (2003)
          RI-JK Method:
              A fully direct RI-HF algorithm: Implementation,
              optimised auxiliary basis sets, demonstration of
              accuracy and efficiency
              F. Weigend
              Phys. Chem. Chem. Phys. 4: 4285 (2002)
          Two-component HF and DFT with spin-orbit coupling:
              Self-consistent treatment of spin-orbit
              interactions with efficient Hartree-Fock and
              density functional methods
              M. K. Armbruster, F. Weigend, C. van WÃ¼llen and
              W. Klopper
              Phys. Chem. Chem. Phys. 10: 1748 (2008)
          Two-component difference density and DIIS algorithm
              Efficient two-component self-consistent field
              procedures and gradients: implementation in
              TURBOMOLE and application to Au20-
              A. Baldes, F. Weigend
              Mol. Phys. 111: 2617 (2013)
          Relativistic all-electron 2c calculations
              An efficient implementation of two-component
              relativistic exact-decoupling methods for large
              molecules
              D. Peng, N. Middendorf, F. Weigend, M. Reiher
              J. Chem. Phys. 138: 184105 (2013)
          Finite nucleus model and SNSO approximation
              Efficient implementation of one- and two-
              component analytical energy gradients in exact
              two-component theory
              Y. J. Franzke, N. Middendorf, F. Weigend
              J. Chem. Phys. 148: 104110 (2018)





              +--------------------------------------------------+
              |      general information about current run       |
              +--------------------------------------------------+


 Libxc version: 4.3.0
 S. Lehtola, C. Steigemann, M.J.T. Oliveira, and M.A.L. Marques, Software X 7, 1 (2018)
 M.A.L. Marques, M.J.T. Oliveira, and T. Burnus, Comput. Phys. Commun. 183, 2272 (2012)
 Name of XC-Functional: Tozer and Handy v. 4
 XC-family: GGA
 XC-kind:   an exchange-correlation functional
 FLAGS=                         10001111
 0th order properties  available
 1th order derivatives available
 2nd order derivatives available
 3rd order derivatives available
 [1] N. C. Handy and D. J. Tozer, Mol. Phys. 94, 707 (1998)
 A DFT calculation using the RI-J approximation will be carried out.
 Allocatable memory for RI due to $ricore (MB):                   500

   *************************************************************************
   ridft
   *************************************************************************




              +--------------------------------------------------+
              | Atomic coordinate, charge and isotop information |
              +--------------------------------------------------+

                    atomic coordinates            atom    charge  isotop
          0.00000000    0.00000000   -0.69919867    h      1.000     0
          0.00000000    0.00000000    0.69919867    h      1.000     0

       center of nuclear mass  :    0.00000000    0.00000000    0.00000000
       center of nuclear charge:    0.00000000    0.00000000    0.00000000

              +--------------------------------------------------+
              |               basis set information              |
              +--------------------------------------------------+

              we will work with the 1s 3p 5d 7f 9g ... basis set
              ...i.e. with spherical basis functions...

   type   atoms  prim   cont   basis
   ---------------------------------------------------------------------------
    h        2      4      2   def-SV(P)   [2s|4s]
   ---------------------------------------------------------------------------
   total:    2      8      4
   ---------------------------------------------------------------------------

   total number of primitive shells          :    4
   total number of contracted shells         :    4
   total number of cartesian basis functions :    4
   total number of SCF-basis functions       :    4


 integral neglect threshold       :  0.83E-09
 integral storage threshold THIZE :  0.10E-04
 integral storage threshold THIME :         5

 RI-J AUXILIARY BASIS SET information:

              we will work with the 1s 3p 5d 7f 9g ... basis set
              ...i.e. with spherical basis functions...

   type   atoms  prim   cont   basis
   ---------------------------------------------------------------------------
    h        2     10      5   def-SV(P)   [2s1p|4s2p]
   ---------------------------------------------------------------------------
   total:    2     20     10
   ---------------------------------------------------------------------------

   total number of primitive shells          :    6
   total number of contracted shells         :    6
   total number of cartesian basis functions :   10
   total number of SCF-basis functions       :   10


 symmetry group of the molecule :   c1

 the group has the following generators :
   c1(z)

    1 symmetry operations found

 there are 1 real representations :   a

 maximum number of shells which are related by symmetry :  1


    mo occupation :
   irrep   mo's   occupied
    a        4        1

 number of basis functions   :                      4
 number of occupied orbitals :                      1


           ------------------
           density functional
           ------------------
 Name of XC-Functional: Tozer and Handy v. 4
 XC-family: GGA
 XC-kind:   an exchange-correlation functional
 FLAGS=                         10001111
 0th order properties  available
 1th order derivatives available
 2nd order derivatives available
 3rd order derivatives available
 [1] N. C. Handy and D. J. Tozer, Mol. Phys. 94, 707 (1998)

 iterations will be done with small grid

 spherical integration : Lebedev's spherical grid
 spherical gridsize    :                     3
    i.e. gridpoints    :                   302
 value for diffuse not defined
 radial integration    : Chebyshev 2nd kind (scaling 3)
 radial gridsize       :                     3
 integration cells     :                     2
 partition function    : becke
 partition sharpness   :                     3


 biggest AO integral is expected to be     0.897141357

           ------------------------
               RI-J - INFORMATION
           ------------------------
 Contributions to RI integral batches:
  neglected integral batches:                     0
  direct contribution:                            0
  memory contribution:                    10
 Memory core needed for (P|Q) and Cholesky      1 MByte
 Memory core minimum needed except of (P|Q)     1 MByte
 Total minimum memory core needed (sum)         1 MByte

 ****************************************
 Memory allocated for RI-J     1 MByte
 ****************************************


          ------------------------
          nuclear repulsion energy  :  0.715104339058
          ------------------------


         -----------------
         -S,T+V- integrals
         -----------------

 1e-integrals will be neglected if expon. factor < 0.835490E-10

   Difference densities algorithm switched on.
   The maximal number of linear combinations of
   difference densities is                    20 .

 DIIS switched on: error vector is FDS-SDF
 Max. Iterations for DIIS is     :   4
 DIIS matrix (see manual)
    Scaling factor of diagonals  :  1.200
    threshold for scaling factor :  0.000

 scf convergence criterion : increment of total energy < .1000000D-06
                  and increment of one-electron energy < .1000000D-03

  MOs are in ASCII format !


 automatic virtual orbital shift switched on
      shift if e(lumo)-e(homo) < 0.10000000


 reading orbital data $scfmo  from file mos
 orbital characterization : expanded
 mo provided and orthogonalized by Cholesky decomposition

 DSCF restart information will be dumped onto file mos


 Starting SCF iterations

          Overall gridpoints after grid construction =          1698

 ITERATION  ENERGY          1e-ENERGY        2e-ENERGY     NORM[dD(SAO)]  TOL
   1  -1.1134030853523    -2.3712699711    0.54276254664    0.000D+00 0.833D-09
                            Exc =-0.590622978152     Coul =  1.13338552479
                              N = 1.9999417041
                            current damping = 0.300

          max. resid. norm for Fia-block=  1.358D-01 for orbital      1a
          max. resid. fock norm         =  2.179D-01 for orbital      2a

 ITERATION  ENERGY          1e-ENERGY        2e-ENERGY     NORM[dD(SAO)]  TOL
   2  -1.1481735159756    -2.4572887010    0.59401084595    0.192D+00 0.498D-09
                            Exc =-0.649960971938     Coul =  1.24397181789
                              N = 1.9999044046
                            current damping = 0.250

          Norm of current diis error: 0.13043
          max. resid. norm for Fia-block=  4.770D-02 for orbital      1a
          max. resid. fock norm         =  4.770D-02 for orbital      1a

 ITERATION  ENERGY          1e-ENERGY        2e-ENERGY     NORM[dD(SAO)]  TOL
   3  -1.1547431683664    -2.4913293330    0.62148182556    0.213D-01 0.383D-09
                            Exc =-0.681837757122     Coul =  1.30331958268
                              N = 1.9998891297
                            current damping = 0.100

          Norm of current diis error: 0.30966E-01
          max. resid. norm for Fia-block=  1.088D-02 for orbital      1a
          max. resid. fock norm         =  1.088D-02 for orbital      1a

 ITERATION  ENERGY          1e-ENERGY        2e-ENERGY     NORM[dD(SAO)]  TOL
   4  -1.1551332606286    -2.4996104938    0.62937289410    0.184D-15 0.345D-09
                            Exc =-0.691024403137     Coul =  1.32039729724
                              N = 1.9998853243
                            current damping = 0.100

          Norm of current diis error: 0.26831E-02
          max. resid. norm for Fia-block=  9.377D-04 for orbital      1a
          max. resid. fock norm         =  9.377D-04 for orbital      1a
